Archive member included because of file (symbol)

c:/freescale/kds_v3/toolchain/bin/../lib/gcc/arm-none-eabi/4.8.4/../../../../arm-none-eabi/lib/armv7e-m/fpu\libg_s.a(lib_a-errno.o)
                              ./utilities/fsl_sbrk.o (__errno)
c:/freescale/kds_v3/toolchain/bin/../lib/gcc/arm-none-eabi/4.8.4/../../../../arm-none-eabi/lib/armv7e-m/fpu\libg_s.a(lib_a-exit.o)
                              c:/freescale/kds_v3/toolchain/bin/../lib/gcc/arm-none-eabi/4.8.4/../../../../arm-none-eabi/lib/armv7e-m/fpu/crt0.o (exit)
c:/freescale/kds_v3/toolchain/bin/../lib/gcc/arm-none-eabi/4.8.4/../../../../arm-none-eabi/lib/armv7e-m/fpu\libg_s.a(lib_a-impure.o)
                              c:/freescale/kds_v3/toolchain/bin/../lib/gcc/arm-none-eabi/4.8.4/../../../../arm-none-eabi/lib/armv7e-m/fpu\libg_s.a(lib_a-exit.o) (_global_impure_ptr)
c:/freescale/kds_v3/toolchain/bin/../lib/gcc/arm-none-eabi/4.8.4/../../../../arm-none-eabi/lib/armv7e-m/fpu\libg_s.a(lib_a-init.o)
                              c:/freescale/kds_v3/toolchain/bin/../lib/gcc/arm-none-eabi/4.8.4/../../../../arm-none-eabi/lib/armv7e-m/fpu/crt0.o (__libc_init_array)
c:/freescale/kds_v3/toolchain/bin/../lib/gcc/arm-none-eabi/4.8.4/../../../../arm-none-eabi/lib/armv7e-m/fpu\libg_s.a(lib_a-malloc.o)
                              ./freertos/heap_3.o (malloc)
c:/freescale/kds_v3/toolchain/bin/../lib/gcc/arm-none-eabi/4.8.4/../../../../arm-none-eabi/lib/armv7e-m/fpu\libg_s.a(lib_a-memcmp.o)
                              ./lwip/src/netif/ethernet.o (memcmp)
c:/freescale/kds_v3/toolchain/bin/../lib/gcc/arm-none-eabi/4.8.4/../../../../arm-none-eabi/lib/armv7e-m/fpu\libg_s.a(lib_a-memcpy-stub.o)
                              ./lwip/src/netif/ethernet.o (memcpy)
c:/freescale/kds_v3/toolchain/bin/../lib/gcc/arm-none-eabi/4.8.4/../../../../arm-none-eabi/lib/armv7e-m/fpu\libg_s.a(lib_a-memset.o)
                              c:/freescale/kds_v3/toolchain/bin/../lib/gcc/arm-none-eabi/4.8.4/../../../../arm-none-eabi/lib/armv7e-m/fpu/crt0.o (memset)
c:/freescale/kds_v3/toolchain/bin/../lib/gcc/arm-none-eabi/4.8.4/../../../../arm-none-eabi/lib/armv7e-m/fpu\libg_s.a(lib_a-nano-freer.o)
                              c:/freescale/kds_v3/toolchain/bin/../lib/gcc/arm-none-eabi/4.8.4/../../../../arm-none-eabi/lib/armv7e-m/fpu\libg_s.a(lib_a-malloc.o) (_free_r)
c:/freescale/kds_v3/toolchain/bin/../lib/gcc/arm-none-eabi/4.8.4/../../../../arm-none-eabi/lib/armv7e-m/fpu\libg_s.a(lib_a-nano-mallocr.o)
                              c:/freescale/kds_v3/toolchain/bin/../lib/gcc/arm-none-eabi/4.8.4/../../../../arm-none-eabi/lib/armv7e-m/fpu\libg_s.a(lib_a-malloc.o) (_malloc_r)
c:/freescale/kds_v3/toolchain/bin/../lib/gcc/arm-none-eabi/4.8.4/../../../../arm-none-eabi/lib/armv7e-m/fpu\libg_s.a(lib_a-printf.o)
                              ./lwip_tcpecho/tcpecho.o (printf)
c:/freescale/kds_v3/toolchain/bin/../lib/gcc/arm-none-eabi/4.8.4/../../../../arm-none-eabi/lib/armv7e-m/fpu\libg_s.a(lib_a-sbrkr.o)
                              c:/freescale/kds_v3/toolchain/bin/../lib/gcc/arm-none-eabi/4.8.4/../../../../arm-none-eabi/lib/armv7e-m/fpu\libg_s.a(lib_a-nano-mallocr.o) (_sbrk_r)
c:/freescale/kds_v3/toolchain/bin/../lib/gcc/arm-none-eabi/4.8.4/../../../../arm-none-eabi/lib/armv7e-m/fpu\libg_s.a(lib_a-sprintf.o)
                              ./freertos/tasks.o (sprintf)
c:/freescale/kds_v3/toolchain/bin/../lib/gcc/arm-none-eabi/4.8.4/../../../../arm-none-eabi/lib/armv7e-m/fpu\libg_s.a(lib_a-strcpy.o)
                              ./freertos/tasks.o (strcpy)
c:/freescale/kds_v3/toolchain/bin/../lib/gcc/arm-none-eabi/4.8.4/../../../../arm-none-eabi/lib/armv7e-m/fpu\libg_s.a(lib_a-strlen.o)
                              ./utilities/fsl_debug_console.o (strlen)
c:/freescale/kds_v3/toolchain/bin/../lib/gcc/arm-none-eabi/4.8.4/../../../../arm-none-eabi/lib/armv7e-m/fpu\libg_s.a(lib_a-strncmp.o)
                              ./lwip/src/core/def.o (strncmp)
c:/freescale/kds_v3/toolchain/bin/../lib/gcc/arm-none-eabi/4.8.4/../../../../arm-none-eabi/lib/armv7e-m/fpu\libg_s.a(lib_a-svfprintf.o)
                              c:/freescale/kds_v3/toolchain/bin/../lib/gcc/arm-none-eabi/4.8.4/../../../../arm-none-eabi/lib/armv7e-m/fpu\libg_s.a(lib_a-sprintf.o) (_svfprintf_r)
c:/freescale/kds_v3/toolchain/bin/../lib/gcc/arm-none-eabi/4.8.4/../../../../arm-none-eabi/lib/armv7e-m/fpu\libg_s.a(lib_a-vfprintf.o)
                              c:/freescale/kds_v3/toolchain/bin/../lib/gcc/arm-none-eabi/4.8.4/../../../../arm-none-eabi/lib/armv7e-m/fpu\libg_s.a(lib_a-printf.o) (_vfprintf_r)
c:/freescale/kds_v3/toolchain/bin/../lib/gcc/arm-none-eabi/4.8.4/../../../../arm-none-eabi/lib/armv7e-m/fpu\libg_s.a(lib_a-vfprintf_i.o)
                              c:/freescale/kds_v3/toolchain/bin/../lib/gcc/arm-none-eabi/4.8.4/../../../../arm-none-eabi/lib/armv7e-m/fpu\libg_s.a(lib_a-svfprintf.o) (_printf_i)
[...]
Memory Configuration

Name             Origin             Length             Attributes
m_interrupts     0x00000000         0x00000400         xr
m_flash_config   0x00000400         0x00000010         xr
m_text           0x00000410         0x001ffbf0         xr
m_data           0x1fff0000         0x00010000         rw
m_data_2         0x20000000         0x00030000         rw
*default*        0x00000000         0xffffffff

Linker script and memory map

LOAD c:/freescale/kds_v3/toolchain/bin/../lib/gcc/arm-none-eabi/4.8.4/armv7e-m/fpu/crti.o
LOAD c:/freescale/kds_v3/toolchain/bin/../lib/gcc/arm-none-eabi/4.8.4/armv7e-m/fpu/crtbegin.o
LOAD c:/freescale/kds_v3/toolchain/bin/../lib/gcc/arm-none-eabi/4.8.4/../../../../arm-none-eabi/lib/armv7e-m/fpu/crt0.o
START GROUP
LOAD ./utilities/fsl_debug_console.o
LOAD ./utilities/fsl_sbrk.o
LOAD ./startup/startup_MK66F18.o
LOAD ./startup/system_MK66F18.o
LOAD ./source/lwip_tcpecho_freertos.o
LOAD ./lwip_tcpecho/tcpecho.o
LOAD ./lwip/src/netif/ppp/auth.o
LOAD ./lwip/src/netif/ppp/ccp.o
LOAD ./lwip/src/netif/ppp/chap-md5.o
LOAD ./lwip/src/netif/ppp/chap-new.o
LOAD ./lwip/src/netif/ppp/chap_ms.o
LOAD ./lwip/src/netif/ppp/demand.o
LOAD ./lwip/src/netif/ppp/eap.o
LOAD ./lwip/src/netif/ppp/eui64.o
LOAD ./lwip/src/netif/ppp/fsm.o
LOAD ./lwip/src/netif/ppp/ipcp.o
LOAD ./lwip/src/netif/ppp/ipv6cp.o
LOAD ./lwip/src/netif/ppp/lcp.o
LOAD ./lwip/src/netif/ppp/lwip_ecp.o
LOAD ./lwip/src/netif/ppp/magic.o
LOAD ./lwip/src/netif/ppp/mppe.o
LOAD ./lwip/src/netif/ppp/multilink.o
LOAD ./lwip/src/netif/ppp/ppp.o
LOAD ./lwip/src/netif/ppp/pppapi.o
LOAD ./lwip/src/netif/ppp/pppcrypt.o
LOAD ./lwip/src/netif/ppp/pppoe.o
LOAD ./lwip/src/netif/ppp/pppol2tp.o
LOAD ./lwip/src/netif/ppp/pppos.o
LOAD ./lwip/src/netif/ppp/upap.o
LOAD ./lwip/src/netif/ppp/utils.o
LOAD ./lwip/src/netif/ppp/vj.o
LOAD ./lwip/src/netif/ethernet.o
LOAD ./lwip/src/netif/lowpan6.o
LOAD ./lwip/src/netif/slipif.o
LOAD ./lwip/src/core/ipv6/dhcp6.o
LOAD ./lwip/src/core/ipv6/ethip6.o
LOAD ./lwip/src/core/ipv6/icmp6.o
LOAD ./lwip/src/core/ipv6/inet6.o
LOAD ./lwip/src/core/ipv6/ip6.o
LOAD ./lwip/src/core/ipv6/ip6_addr.o
LOAD ./lwip/src/core/ipv6/ip6_frag.o
LOAD ./lwip/src/core/ipv6/mld6.o
LOAD ./lwip/src/core/ipv6/nd6.o
LOAD ./lwip/src/core/ipv4/autoip.o
LOAD ./lwip/src/core/ipv4/dhcp.o
LOAD ./lwip/src/core/ipv4/etharp.o
LOAD ./lwip/src/core/ipv4/icmp.o
LOAD ./lwip/src/core/ipv4/igmp.o
LOAD ./lwip/src/core/ipv4/ip4.o
LOAD ./lwip/src/core/ipv4/ip4_addr.o
LOAD ./lwip/src/core/ipv4/ip4_frag.o
LOAD ./lwip/src/core/def.o
LOAD ./lwip/src/core/dns.o
LOAD ./lwip/src/core/inet_chksum.o
LOAD ./lwip/src/core/init.o
LOAD ./lwip/src/core/ip.o
LOAD ./lwip/src/core/mem.o
LOAD ./lwip/src/core/memp.o
LOAD ./lwip/src/core/netif.o
LOAD ./lwip/src/core/pbuf.o
LOAD ./lwip/src/core/raw.o
LOAD ./lwip/src/core/stats.o
LOAD ./lwip/src/core/sys.o
LOAD ./lwip/src/core/tcp.o
LOAD ./lwip/src/core/tcp_in.o
LOAD ./lwip/src/core/tcp_out.o
LOAD ./lwip/src/core/timeouts.o
LOAD ./lwip/src/core/udp.o
LOAD ./lwip/src/api/api_lib.o
LOAD ./lwip/src/api/api_msg.o
LOAD ./lwip/src/api/err.o
LOAD ./lwip/src/api/netbuf.o
LOAD ./lwip/src/api/netdb.o
LOAD ./lwip/src/api/netifapi.o
LOAD ./lwip/src/api/sockets.o
LOAD ./lwip/src/api/tcpip.o
LOAD ./lwip/port/ethernetif.o
LOAD ./lwip/port/sys_arch.o
LOAD ./freertos/portable/fsl_tickless_systick.o
LOAD ./freertos/portable/port.o
LOAD ./freertos/croutine.o
LOAD ./freertos/event_groups.o
LOAD ./freertos/heap_3.o
LOAD ./freertos/list.o
LOAD ./freertos/queue.o
LOAD ./freertos/tasks.o
LOAD ./freertos/timers.o
LOAD ./drivers/fsl_clock.o
LOAD ./drivers/fsl_common.o
LOAD ./drivers/fsl_enet.o
LOAD ./drivers/fsl_flash.o
LOAD ./drivers/fsl_gpio.o
LOAD ./drivers/fsl_lpuart.o
LOAD ./drivers/fsl_sim.o
LOAD ./drivers/fsl_smc.o
LOAD ./drivers/fsl_uart.o
LOAD ./board/board.o
LOAD ./board/clock_config.o
LOAD ./board/fsl_phy.o
LOAD ./board/pin_mux.o
LOAD c:/freescale/kds_v3/toolchain/bin/../lib/gcc/arm-none-eabi/4.8.4/../../../../arm-none-eabi/lib/armv7e-m/fpu\libg_s.a
LOAD c:/freescale/kds_v3/toolchain/bin/../lib/gcc/arm-none-eabi/4.8.4/armv7e-m/fpu\libgcc.a
LOAD c:/freescale/kds_v3/toolchain/bin/../lib/gcc/arm-none-eabi/4.8.4/../../../../arm-none-eabi/lib/armv7e-m/fpu\libnosys.a
END GROUP
LOAD c:/freescale/kds_v3/toolchain/bin/../lib/gcc/arm-none-eabi/4.8.4/../../../../arm-none-eabi/lib/armv7e-m/fpu\libstdc++_s.a
LOAD c:/freescale/kds_v3/toolchain/bin/../lib/gcc/arm-none-eabi/4.8.4/../../../../arm-none-eabi/lib/armv7e-m/fpu\libm.a
START GROUP
LOAD c:/freescale/kds_v3/toolchain/bin/../lib/gcc/arm-none-eabi/4.8.4/armv7e-m/fpu\libgcc.a
LOAD c:/freescale/kds_v3/toolchain/bin/../lib/gcc/arm-none-eabi/4.8.4/../../../../arm-none-eabi/lib/armv7e-m/fpu\libg_s.a
LOAD c:/freescale/kds_v3/toolchain/bin/../lib/gcc/arm-none-eabi/4.8.4/../../../../arm-none-eabi/lib/armv7e-m/fpu\libc_s.a
END GROUP
START GROUP
LOAD c:/freescale/kds_v3/toolchain/bin/../lib/gcc/arm-none-eabi/4.8.4/armv7e-m/fpu\libgcc.a
LOAD c:/freescale/kds_v3/toolchain/bin/../lib/gcc/arm-none-eabi/4.8.4/../../../../arm-none-eabi/lib/armv7e-m/fpu\libc_s.a
END GROUP
LOAD c:/freescale/kds_v3/toolchain/bin/../lib/gcc/arm-none-eabi/4.8.4/armv7e-m/fpu/crtend.o
LOAD c:/freescale/kds_v3/toolchain/bin/../lib/gcc/arm-none-eabi/4.8.4/armv7e-m/fpu/crtn.o
                0x00006400                HEAP_SIZE = DEFINED (__heap_size__)?__heap_size__:0x6400
                0x000003e8                STACK_SIZE = DEFINED (__stack_size__)?__stack_size__:0x3e8
                0x00000000                M_VECTOR_RAM_SIZE = DEFINED (__ram_vector_table__)?0x400:0x0

.interrupts     0x00000000      0x400
                0x00000000                __VECTOR_TABLE = .
                0x00000000                . = ALIGN (0x4)
 *(.isr_vector)
 .isr_vector    0x00000000      0x400 ./startup/startup_MK66F18.o
                0x00000000                __isr_vector
                0x00000400                . = ALIGN (0x4)

.flash_config   0x00000400       0x10
                0x00000400                . = ALIGN (0x4)
 *(.FlashConfig)
 .FlashConfig   0x00000400       0x10 ./startup/startup_MK66F18.o
                0x00000410                . = ALIGN (0x4)

.text           0x00000410    0x17ccc
                0x00000410                . = ALIGN (0x4)
 *(.text)
 .text          0x00000410       0x54 c:/freescale/kds_v3/toolchain/bin/../lib/gcc/arm-none-eabi/4.8.4/armv7e-m/fpu/crtbegin.o
 .text          0x00000464       0x74 c:/freescale/kds_v3/toolchain/bin/../lib/gcc/arm-none-eabi/4.8.4/../../../../arm-none-eabi/lib/armv7e-m/fpu/crt0.o
                0x00000464                _start
                0x00000464                _mainCRTStartup
 .text          0x000004d8      0x214 ./startup/startup_MK66F18.o
                0x000004d8                Reset_Handler
                0x00000538                UART1_ERR_DriverIRQHandler
                0x00000538                DebugMon_Handler
                0x00000538                DMA15_DMA31_DriverIRQHandler
                0x00000538                DMA13_DMA29_DriverIRQHandler
                0x00000538                BusFault_Handler
                0x00000538                SPI1_DriverIRQHandler
                0x00000538                PORTC_IRQHandler
                0x00000538                Reserved85_IRQHandler
                0x00000538                LPTMR0_IRQHandler
                0x00000538                DMA_Error_DriverIRQHandler
                0x00000538                FTM2_IRQHandler
                0x00000538                DMA5_DMA21_DriverIRQHandler
                0x00000538                PORTE_IRQHandler
                0x00000538                FTM3_IRQHandler
                0x00000538                CAN0_DriverIRQHandler
                0x00000538                USBHS_IRQHandler
                0x00000538                MCM_IRQHandler
                0x00000538                SDHC_DriverIRQHandler
                0x00000538                DAC1_IRQHandler
                0x00000538                PIT0_IRQHandler
                0x00000538                DMA7_DMA23_DriverIRQHandler
                0x00000538                PORTA_IRQHandler
                0x00000538                I2C3_DriverIRQHandler
                0x00000538                CMP2_IRQHandler
                0x00000538                LLWU_IRQHandler
                0x00000538                I2S0_Tx_DriverIRQHandler
                0x00000538                Reserved84_IRQHandler
                0x00000538                FTM0_IRQHandler
                0x00000538                TSI0_IRQHandler
                0x00000538                LVD_LVW_IRQHandler
                0x00000538                CMP0_IRQHandler
                0x00000538                DMA14_DMA30_DriverIRQHandler
                0x00000538                PIT1_IRQHandler
                0x00000538                ENET_1588_Timer_DriverIRQHandler
                0x00000538                I2C2_DriverIRQHandler
                0x00000538                TPM1_IRQHandler
                0x00000538                SWI_IRQHandler
                0x00000538                ADC0_IRQHandler
                0x00000538                UsageFault_Handler
                0x00000538                SPI0_DriverIRQHandler
                0x00000538                CMT_IRQHandler
                0x00000538                ENET_Error_DriverIRQHandler
                0x00000538                Reserved46_IRQHandler
                0x00000538                DMA0_DMA16_DriverIRQHandler
                0x00000538                DefaultISR
                0x00000538                DMA2_DMA18_DriverIRQHandler
                0x00000538                CMP1_IRQHandler
                0x00000538                Reserved71_IRQHandler
                0x00000538                PORTD_IRQHandler
                0x00000538                PORTB_IRQHandler
                0x00000538                DMA3_DMA19_DriverIRQHandler
                0x00000538                UART2_ERR_DriverIRQHandler
                0x00000538                SPI2_DriverIRQHandler
                0x00000538                ADC1_IRQHandler
                0x00000538                DAC0_IRQHandler
                0x00000538                TPM2_IRQHandler
                0x00000538                PIT2_IRQHandler
                0x00000538                ENET_Receive_DriverIRQHandler
                0x00000538                RTC_IRQHandler
                0x00000538                UART3_ERR_DriverIRQHandler
                0x00000538                PDB0_IRQHandler
                0x00000538                I2C1_DriverIRQHandler
                0x00000538                CMP3_IRQHandler
                0x00000538                DMA12_DMA28_DriverIRQHandler
                0x00000538                FTM1_IRQHandler
                0x00000538                ENET_Transmit_DriverIRQHandler
                0x00000538                RNG_IRQHandler
                0x00000538                PIT3_IRQHandler
                0x00000538                DMA9_DMA25_DriverIRQHandler
                0x00000538                DMA4_DMA20_DriverIRQHandler
                0x00000538                DMA11_DMA27_DriverIRQHandler
                0x00000538                RTC_Seconds_IRQHandler
                0x00000538                MCG_IRQHandler
                0x00000538                FTFE_IRQHandler
                0x00000538                DMA10_DMA26_DriverIRQHandler
                0x00000538                UART0_ERR_DriverIRQHandler
                0x00000538                I2C0_DriverIRQHandler
                0x00000538                Read_Collision_IRQHandler
                0x00000538                DMA1_DMA17_DriverIRQHandler
                0x00000538                USBHSDCD_IRQHandler
                0x00000538                MemManage_Handler
                0x00000538                USBDCD_IRQHandler
                0x00000538                DMA8_DMA24_DriverIRQHandler
                0x00000538                DMA6_DMA22_DriverIRQHandler
                0x00000538                WDOG_EWM_IRQHandler
                0x00000538                I2S0_Rx_DriverIRQHandler
                0x00000538                USB0_IRQHandler
                0x00000538                CAN1_DriverIRQHandler
                0x00000538                UART4_ERR_DriverIRQHandler
                0x0000053c                NMI_Handler
                0x00000540                HardFault_Handler
                0x00000550                DMA0_DMA16_IRQHandler
                0x00000554                DMA1_DMA17_IRQHandler
                0x00000558                DMA2_DMA18_IRQHandler
                0x0000055c                DMA3_DMA19_IRQHandler
                0x00000560                DMA4_DMA20_IRQHandler
                0x00000564                DMA5_DMA21_IRQHandler
                0x00000568                DMA6_DMA22_IRQHandler
                0x0000056c                DMA7_DMA23_IRQHandler
                0x00000570                DMA8_DMA24_IRQHandler
                0x00000574                DMA9_DMA25_IRQHandler
                0x00000578                DMA10_DMA26_IRQHandler
                0x0000057c                DMA11_DMA27_IRQHandler
                0x00000580                DMA12_DMA28_IRQHandler
                0x00000584                DMA13_DMA29_IRQHandler
                0x00000588                DMA14_DMA30_IRQHandler
                0x0000058c                DMA15_DMA31_IRQHandler
                0x00000590                DMA_Error_IRQHandler
                0x00000594                I2C0_IRQHandler
                0x00000598                I2C1_IRQHandler
                0x0000059c                SPI0_IRQHandler
                0x000005a0                SPI1_IRQHandler
                0x000005a4                I2S0_Tx_IRQHandler
                0x000005a8                I2S0_Rx_IRQHandler
                0x000005ac                UART0_RX_TX_IRQHandler
                0x000005b0                UART0_ERR_IRQHandler
                0x000005b4                UART1_RX_TX_IRQHandler
                0x000005b8                UART1_ERR_IRQHandler
                0x000005bc                UART2_RX_TX_IRQHandler
                0x000005c0                UART2_ERR_IRQHandler
                0x000005c4                UART3_RX_TX_IRQHandler
                0x000005c8                UART3_ERR_IRQHandler
                0x000005cc                SPI2_IRQHandler
                0x000005d0                UART4_RX_TX_IRQHandler
                0x000005d4                UART4_ERR_IRQHandler
                0x000005d8                I2C2_IRQHandler
                0x000005dc                CAN0_ORed_Message_buffer_IRQHandler
                0x000005e0                CAN0_Bus_Off_IRQHandler
                0x000005e4                CAN0_Error_IRQHandler
                0x000005e8                CAN0_Tx_Warning_IRQHandler
                0x000005ec                CAN0_Rx_Warning_IRQHandler
                0x000005f0                CAN0_Wake_Up_IRQHandler
                0x000005f4                SDHC_IRQHandler
                0x00000608                LPUART0_IRQHandler
                0x0000060c                I2C3_IRQHandler
                0x00000610                CAN1_ORed_Message_buffer_IRQHandler
                0x00000614                CAN1_Bus_Off_IRQHandler
                0x00000618                CAN1_Error_IRQHandler
                0x0000061c                CAN1_Tx_Warning_IRQHandler
                0x00000620                CAN1_Rx_Warning_IRQHandler
                0x00000624                CAN1_Wake_Up_IRQHandler
 .text          0x000006ec       0x38 c:/freescale/kds_v3/toolchain/bin/../lib/gcc/arm-none-eabi/4.8.4/armv7e-m/fpu\libgcc.a(_aeabi_ldivmod.o)
                0x000006ec                __aeabi_ldivmod
 .text          0x00000724       0x2c c:/freescale/kds_v3/toolchain/bin/../lib/gcc/arm-none-eabi/4.8.4/armv7e-m/fpu\libgcc.a(_aeabi_uldivmod.o)
                0x00000724                __aeabi_uldivmod
 .text          0x00000750       0x60 c:/freescale/kds_v3/toolchain/bin/../lib/gcc/arm-none-eabi/4.8.4/armv7e-m/fpu\libgcc.a(bpabi.o)
                0x00000750                __gnu_ldivmod_helper
                0x00000780                __gnu_uldivmod_helper
 .text          0x000007b0        0x4 c:/freescale/kds_v3/toolchain/bin/../lib/gcc/arm-none-eabi/4.8.4/armv7e-m/fpu\libgcc.a(_dvmd_tls.o)
                0x000007b0                __aeabi_idiv0
                0x000007b0                __aeabi_ldiv0
 .text          0x000007b4      0x298 c:/freescale/kds_v3/toolchain/bin/../lib/gcc/arm-none-eabi/4.8.4/armv7e-m/fpu\libgcc.a(_divdi3.o)
                0x000007b4                __divdi3
 .text          0x00000a4c      0x284 c:/freescale/kds_v3/toolchain/bin/../lib/gcc/arm-none-eabi/4.8.4/armv7e-m/fpu\libgcc.a(_udivdi3.o)
                0x00000a4c                __udivdi3
 *(.text*)
 .text.UART_EnableTx
                0x00000cd0       0x40 ./utilities/fsl_debug_console.o
 .text.UART_EnableRx
                0x00000d10       0x40 ./utilities/fsl_debug_console.o
 .text.LPUART_EnableTx
                0x00000d50       0x38 ./utilities/fsl_debug_console.o
 .text.LPUART_EnableRx
                0x00000d88       0x38 ./utilities/fsl_debug_console.o
 .text.DbgConsole_Init
                0x00000dc0       0xec ./utilities/fsl_debug_console.o
                0x00000dc0                DbgConsole_Init
 .text.DbgConsole_Printf
                0x00000eac       0x40 ./utilities/fsl_debug_console.o
                0x00000eac                DbgConsole_Printf
 .text.DbgConsole_Putchar
                0x00000eec       0x38 ./utilities/fsl_debug_console.o
                0x00000eec                DbgConsole_Putchar
 .text.DbgConsole_PrintfPaddingCharacter
                0x00000f24       0x40 ./utilities/fsl_debug_console.o
 .text.DbgConsole_ConvertRadixNumToString
                0x00000f64      0x1d8 ./utilities/fsl_debug_console.o
 .text.DbgConsole_PrintfFormattedData
                0x0000113c      0x7b8 ./utilities/fsl_debug_console.o
 .text._write   0x000018f4       0x58 ./utilities/fsl_debug_console.o
                0x000018f4                _write
 .text._read    0x0000194c       0x44 ./utilities/fsl_debug_console.o
                0x0000194c                _read
 .text._sbrk    0x00001990       0x5c ./utilities/fsl_sbrk.o
                0x00001990                _sbrk
 .text.SystemInit
                0x000019ec       0x3c ./startup/system_MK66F18.o
                0x000019ec                SystemInit
 .text.stack_init
                0x00001a28      0x128 ./source/lwip_tcpecho_freertos.o
 .text.main     0x00001b50       0x7c ./source/lwip_tcpecho_freertos.o
                0x00001b50                main
 .text.tcpclient_init
                0x00001bcc      0x180 ./lwip_tcpecho/tcpecho.o
                0x00001bcc                tcpclient_init
 .text.ethernet_input
                0x00001d4c      0x12c ./lwip/src/netif/ethernet.o
                0x00001d4c                ethernet_input
 .text.ethernet_output
                0x00001e78       0x80 ./lwip/src/netif/ethernet.o
                0x00001e78                ethernet_output
 .text.dhcp_check
                0x00001ef8       0x64 ./lwip/src/core/ipv4/dhcp.o
 .text.dhcp_select
                0x00001f5c      0x150 ./lwip/src/core/ipv4/dhcp.o
 .text.dhcp_coarse_tmr
                0x000020ac       0xa4 ./lwip/src/core/ipv4/dhcp.o
                0x000020ac                dhcp_coarse_tmr
 .text.dhcp_fine_tmr
                0x00002150       0x60 ./lwip/src/core/ipv4/dhcp.o
                0x00002150                dhcp_fine_tmr
 .text.dhcp_timeout
                0x000021b0       0x90 ./lwip/src/core/ipv4/dhcp.o
 .text.dhcp_t1_timeout
                0x00002240       0x5c ./lwip/src/core/ipv4/dhcp.o
 .text.dhcp_t2_timeout
                0x0000229c       0x64 ./lwip/src/core/ipv4/dhcp.o
 .text.dhcp_arp_reply
                0x00002300       0x48 ./lwip/src/core/ipv4/dhcp.o
                0x00002300                dhcp_arp_reply
 .text.dhcp_decline
                0x00002348       0xd8 ./lwip/src/core/ipv4/dhcp.o
 .text.dhcp_discover
                0x00002420      0x11c ./lwip/src/core/ipv4/dhcp.o
 .text.dhcp_bind
                0x0000253c      0x1a0 ./lwip/src/core/ipv4/dhcp.o
 .text.dhcp_renew
                0x000026dc      0x110 ./lwip/src/core/ipv4/dhcp.o
                0x000026dc                dhcp_renew
 .text.dhcp_rebind
                0x000027ec      0x110 ./lwip/src/core/ipv4/dhcp.o
 .text.dhcp_reboot
                0x000028fc      0x12c ./lwip/src/core/ipv4/dhcp.o
 .text.dhcp_release
                0x00002a28      0x114 ./lwip/src/core/ipv4/dhcp.o
                0x00002a28                dhcp_release
 .text.dhcp_set_state
                0x00002b3c       0x34 ./lwip/src/core/ipv4/dhcp.o
 .text.dhcp_option
                0x00002b70       0x60 ./lwip/src/core/ipv4/dhcp.o
 .text.dhcp_option_byte
                0x00002bd0       0x3c ./lwip/src/core/ipv4/dhcp.o
 .text.dhcp_option_short
                0x00002c0c       0x60 ./lwip/src/core/ipv4/dhcp.o
 .text.dhcp_option_long
                0x00002c6c       0x9c ./lwip/src/core/ipv4/dhcp.o
 .text.dhcp_create_msg
                0x00002d08      0x280 ./lwip/src/core/ipv4/dhcp.o
 .text.dhcp_delete_msg
                0x00002f88       0x64 ./lwip/src/core/ipv4/dhcp.o
 .text.dhcp_option_trailer
                0x00002fec       0x94 ./lwip/src/core/ipv4/dhcp.o
 .text.dhcp_supplied_address
                0x00003080       0x44 ./lwip/src/core/ipv4/dhcp.o
                0x00003080                dhcp_supplied_address
 .text.etharp_free_entry
                0x000030c4       0xbc ./lwip/src/core/ipv4/etharp.o
 .text.etharp_tmr
                0x00003180      0x150 ./lwip/src/core/ipv4/etharp.o
                0x00003180                etharp_tmr
 .text.etharp_find_entry
                0x000032d0      0x258 ./lwip/src/core/ipv4/etharp.o
 .text.etharp_update_arp_entry
                0x00003528      0x13c ./lwip/src/core/ipv4/etharp.o
 .text.etharp_input
                0x00003664      0x174 ./lwip/src/core/ipv4/etharp.o
                0x00003664                etharp_input
 .text.etharp_output_to_arp_index
                0x000037d8      0x128 ./lwip/src/core/ipv4/etharp.o
 .text.etharp_output
                0x00003900      0x1b4 ./lwip/src/core/ipv4/etharp.o
                0x00003900                etharp_output
 .text.etharp_query
                0x00003ab4      0x270 ./lwip/src/core/ipv4/etharp.o
                0x00003ab4                etharp_query
 .text.etharp_raw
                0x00003d24       0xfc ./lwip/src/core/ipv4/etharp.o
 .text.etharp_request_dst
                0x00003e20       0x40 ./lwip/src/core/ipv4/etharp.o
 .text.etharp_request
                0x00003e60       0x24 ./lwip/src/core/ipv4/etharp.o
                0x00003e60                etharp_request
 .text.icmp_input
                0x00003e84      0x23c ./lwip/src/core/ipv4/icmp.o
                0x00003e84                icmp_input
 .text.icmp_dest_unreach
                0x000040c0       0x20 ./lwip/src/core/ipv4/icmp.o
                0x000040c0                icmp_dest_unreach
 .text.icmp_time_exceeded
                0x000040e0       0x20 ./lwip/src/core/ipv4/icmp.o
                0x000040e0                icmp_time_exceeded
 .text.icmp_send_response
                0x00004100       0xd4 ./lwip/src/core/ipv4/icmp.o
 .text.ip4_route
                0x000041d4       0xd0 ./lwip/src/core/ipv4/ip4.o
                0x000041d4                ip4_route
 .text.ip4_input
                0x000042a4      0x2c0 ./lwip/src/core/ipv4/ip4.o
                0x000042a4                ip4_input
 .text.ip4_output_if
                0x00004564       0x54 ./lwip/src/core/ipv4/ip4.o
                0x00004564                ip4_output_if
 .text.ip4_output_if_src
                0x000045b8      0x1c0 ./lwip/src/core/ipv4/ip4.o
                0x000045b8                ip4_output_if_src
 .text.ip4_addr_isbroadcast_u32
                0x00004778       0x84 ./lwip/src/core/ipv4/ip4_addr.o
                0x00004778                ip4_addr_isbroadcast_u32
 .text.ip_reass_tmr
                0x000047fc       0x54 ./lwip/src/core/ipv4/ip4_frag.o
                0x000047fc                ip_reass_tmr
 .text.ip_reass_free_complete_datagram
                0x00004850      0x124 ./lwip/src/core/ipv4/ip4_frag.o
 .text.ip_reass_remove_oldest_datagram
                0x00004974       0xc4 ./lwip/src/core/ipv4/ip4_frag.o
 .text.ip_reass_enqueue_new_datagram
                0x00004a38       0x74 ./lwip/src/core/ipv4/ip4_frag.o
 .text.ip_reass_dequeue_datagram
                0x00004aac       0x48 ./lwip/src/core/ipv4/ip4_frag.o
 .text.ip_reass_chain_frag_into_datagram_and_validate
                0x00004af4      0x274 ./lwip/src/core/ipv4/ip4_frag.o
 .text.ip4_reass
                0x00004d68      0x264 ./lwip/src/core/ipv4/ip4_frag.o
                0x00004d68                ip4_reass
 .text.ip_frag_alloc_pbuf_custom_ref
                0x00004fcc       0x10 ./lwip/src/core/ipv4/ip4_frag.o
 .text.ip_frag_free_pbuf_custom_ref
                0x00004fdc       0x28 ./lwip/src/core/ipv4/ip4_frag.o
 .text.ipfrag_free_pbuf_custom
                0x00005004       0x4c ./lwip/src/core/ipv4/ip4_frag.o
 .text.ip4_frag
                0x00005050      0x228 ./lwip/src/core/ipv4/ip4_frag.o
                0x00005050                ip4_frag
 .text.lwip_htons
                0x00005278       0x2c ./lwip/src/core/def.o
                0x00005278                lwip_htons
 .text.lwip_htonl
                0x000052a4       0x34 ./lwip/src/core/def.o
                0x000052a4                lwip_htonl
 .text.lwip_standard_chksum
                0x000052d8       0xb8 ./lwip/src/core/inet_chksum.o
                0x000052d8                lwip_standard_chksum
 .text.inet_cksum_pseudo_base
                0x00005390       0xd8 ./lwip/src/core/inet_chksum.o
 .text.inet_chksum_pseudo
                0x00005468       0x74 ./lwip/src/core/inet_chksum.o
                0x00005468                inet_chksum_pseudo
 .text.ip_chksum_pseudo
                0x000054dc       0x30 ./lwip/src/core/inet_chksum.o
                0x000054dc                ip_chksum_pseudo
 .text.inet_chksum
                0x0000550c       0x24 ./lwip/src/core/inet_chksum.o
                0x0000550c                inet_chksum
 .text.inet_chksum_pbuf
                0x00005530       0x98 ./lwip/src/core/inet_chksum.o
                0x00005530                inet_chksum_pbuf
 .text.lwip_init
                0x000055c8       0x24 ./lwip/src/core/init.o
                0x000055c8                lwip_init
 .text.plug_holes
                0x000055ec      0x108 ./lwip/src/core/mem.o
 .text.mem_init
                0x000056f4       0x90 ./lwip/src/core/mem.o
                0x000056f4                mem_init
 .text.mem_free
                0x00005784       0xbc ./lwip/src/core/mem.o
                0x00005784                mem_free
 .text.mem_trim
                0x00005840      0x1bc ./lwip/src/core/mem.o
                0x00005840                mem_trim
 .text.mem_malloc
                0x000059fc      0x1c4 ./lwip/src/core/mem.o
                0x000059fc                mem_malloc
 .text.memp_init_pool
                0x00005bc0       0x5c ./lwip/src/core/memp.o
                0x00005bc0                memp_init_pool
 .text.memp_init
                0x00005c1c       0x30 ./lwip/src/core/memp.o
                0x00005c1c                memp_init
 .text.do_memp_malloc_pool
                0x00005c4c       0x54 ./lwip/src/core/memp.o
 .text.memp_malloc
                0x00005ca0       0x3c ./lwip/src/core/memp.o
                0x00005ca0                memp_malloc
 .text.do_memp_free_pool
                0x00005cdc       0x48 ./lwip/src/core/memp.o
 .text.memp_free
                0x00005d24       0x40 ./lwip/src/core/memp.o
                0x00005d24                memp_free
 .text.netif_init
                0x00005d64        0xc ./lwip/src/core/netif.o
                0x00005d64                netif_init
 .text.netif_add
                0x00005d70       0xa8 ./lwip/src/core/netif.o
                0x00005d70                netif_add
 .text.netif_set_addr
                0x00005e18       0x54 ./lwip/src/core/netif.o
                0x00005e18                netif_set_addr
 .text.netif_set_ipaddr
                0x00005e6c       0x70 ./lwip/src/core/netif.o
                0x00005e6c                netif_set_ipaddr
 .text.netif_set_gw
                0x00005edc       0x28 ./lwip/src/core/netif.o
                0x00005edc                netif_set_gw
 .text.netif_set_netmask
                0x00005f04       0x28 ./lwip/src/core/netif.o
                0x00005f04                netif_set_netmask
 .text.netif_set_default
                0x00005f2c       0x1c ./lwip/src/core/netif.o
                0x00005f2c                netif_set_default
 .text.netif_set_up
                0x00005f48       0x44 ./lwip/src/core/netif.o
                0x00005f48                netif_set_up
 .text.netif_issue_reports
                0x00005f8c       0x40 ./lwip/src/core/netif.o
 .text.pbuf_alloc
                0x00005fcc      0x2c4 ./lwip/src/core/pbuf.o
                0x00005fcc                pbuf_alloc
 .text.pbuf_alloced_custom
                0x00006290       0xc4 ./lwip/src/core/pbuf.o
                0x00006290                pbuf_alloced_custom
 .text.pbuf_realloc
                0x00006354      0x12c ./lwip/src/core/pbuf.o
                0x00006354                pbuf_realloc
 .text.pbuf_header_impl
                0x00006480      0x128 ./lwip/src/core/pbuf.o
 .text.pbuf_header
                0x000065a8       0x24 ./lwip/src/core/pbuf.o
                0x000065a8                pbuf_header
 .text.pbuf_header_force
                0x000065cc       0x24 ./lwip/src/core/pbuf.o
                0x000065cc                pbuf_header_force
 .text.pbuf_free
                0x000065f0      0x10c ./lwip/src/core/pbuf.o
                0x000065f0                pbuf_free
 .text.pbuf_clen
                0x000066fc       0x30 ./lwip/src/core/pbuf.o
                0x000066fc                pbuf_clen
 .text.pbuf_ref
                0x0000672c       0x2c ./lwip/src/core/pbuf.o
                0x0000672c                pbuf_ref
 .text.pbuf_cat
                0x00006758       0x8c ./lwip/src/core/pbuf.o
                0x00006758                pbuf_cat
 .text.pbuf_chain
                0x000067e4       0x20 ./lwip/src/core/pbuf.o
                0x000067e4                pbuf_chain
 .text.pbuf_copy
                0x00006804      0x15c ./lwip/src/core/pbuf.o
                0x00006804                pbuf_copy
 .text.pbuf_copy_partial
                0x00006960       0xd8 ./lwip/src/core/pbuf.o
                0x00006960                pbuf_copy_partial
 .text.tcp_init
                0x00006a38        0xc ./lwip/src/core/tcp.o
                0x00006a38                tcp_init
 .text.tcp_tmr  0x00006a44       0x2c ./lwip/src/core/tcp.o
                0x00006a44                tcp_tmr
 .text.tcp_remove_listener
                0x00006a70       0x38 ./lwip/src/core/tcp.o
 .text.tcp_listen_closed
                0x00006aa8       0x58 ./lwip/src/core/tcp.o
 .text.tcp_backlog_accepted
                0x00006b00       0x60 ./lwip/src/core/tcp.o
                0x00006b00                tcp_backlog_accepted
 .text.tcp_close_shutdown
                0x00006b60      0x264 ./lwip/src/core/tcp.o
 .text.tcp_close
                0x00006dc4       0x30 ./lwip/src/core/tcp.o
                0x00006dc4                tcp_close
 .text.tcp_shutdown
                0x00006df4       0x8c ./lwip/src/core/tcp.o
                0x00006df4                tcp_shutdown
 .text.tcp_abandon
                0x00006e80      0x13c ./lwip/src/core/tcp.o
                0x00006e80                tcp_abandon
 .text.tcp_abort
                0x00006fbc       0x18 ./lwip/src/core/tcp.o
                0x00006fbc                tcp_abort
 .text.tcp_bind
                0x00006fd4      0x110 ./lwip/src/core/tcp.o
                0x00006fd4                tcp_bind
 .text.tcp_update_rcv_ann_wnd
                0x000070e4       0x90 ./lwip/src/core/tcp.o
                0x000070e4                tcp_update_rcv_ann_wnd
 .text.tcp_recved
                0x00007174       0x9c ./lwip/src/core/tcp.o
                0x00007174                tcp_recved
 .text.tcp_new_port
                0x00007210       0x8c ./lwip/src/core/tcp.o
 .text.tcp_connect
                0x0000729c      0x1d0 ./lwip/src/core/tcp.o
                0x0000729c                tcp_connect
 .text.tcp_slowtmr
                0x0000746c      0x4d8 ./lwip/src/core/tcp.o
                0x0000746c                tcp_slowtmr
 .text.tcp_fasttmr
                0x00007944       0xa4 ./lwip/src/core/tcp.o
                0x00007944                tcp_fasttmr
 .text.tcp_process_refused_data
                0x000079e8       0xcc ./lwip/src/core/tcp.o
                0x000079e8                tcp_process_refused_data
 .text.tcp_segs_free
                0x00007ab4       0x28 ./lwip/src/core/tcp.o
                0x00007ab4                tcp_segs_free
 .text.tcp_seg_free
                0x00007adc       0x30 ./lwip/src/core/tcp.o
                0x00007adc                tcp_seg_free
 .text.tcp_recv_null
                0x00007b0c       0x48 ./lwip/src/core/tcp.o
                0x00007b0c                tcp_recv_null
 .text.tcp_kill_prio
                0x00007b54       0x80 ./lwip/src/core/tcp.o
 .text.tcp_kill_state
                0x00007bd4       0x84 ./lwip/src/core/tcp.o
 .text.tcp_kill_timewait
                0x00007c58       0x5c ./lwip/src/core/tcp.o
 .text.tcp_alloc
                0x00007cb4      0x114 ./lwip/src/core/tcp.o
                0x00007cb4                tcp_alloc
 .text.tcp_new  0x00007dc8       0x10 ./lwip/src/core/tcp.o
                0x00007dc8                tcp_new
 .text.tcp_arg  0x00007dd8       0x20 ./lwip/src/core/tcp.o
                0x00007dd8                tcp_arg
 .text.tcp_recv
                0x00007df8       0x30 ./lwip/src/core/tcp.o
                0x00007df8                tcp_recv
 .text.tcp_sent
                0x00007e28       0x30 ./lwip/src/core/tcp.o
                0x00007e28                tcp_sent
 .text.tcp_err  0x00007e58       0x30 ./lwip/src/core/tcp.o
                0x00007e58                tcp_err
 .text.tcp_accept
                0x00007e88       0x2c ./lwip/src/core/tcp.o
                0x00007e88                tcp_accept
 .text.tcp_poll
                0x00007eb4       0x34 ./lwip/src/core/tcp.o
                0x00007eb4                tcp_poll
 .text.tcp_pcb_purge
                0x00007ee8       0x78 ./lwip/src/core/tcp.o
                0x00007ee8                tcp_pcb_purge
 .text.tcp_pcb_remove
                0x00007f60       0xc4 ./lwip/src/core/tcp.o
                0x00007f60                tcp_pcb_remove
 .text.tcp_next_iss
                0x00008024       0x28 ./lwip/src/core/tcp.o
                0x00008024                tcp_next_iss
 .text.tcp_eff_send_mss_impl
                0x0000804c       0x48 ./lwip/src/core/tcp.o
                0x0000804c                tcp_eff_send_mss_impl
 .text.tcp_netif_ip_addr_changed_pcblist
                0x00008094       0x40 ./lwip/src/core/tcp.o
 .text.tcp_netif_ip_addr_changed
                0x000080d4       0x7c ./lwip/src/core/tcp.o
                0x000080d4                tcp_netif_ip_addr_changed
 .text.tcp_input
                0x00008150      0x754 ./lwip/src/core/tcp_in.o
                0x00008150                tcp_input
 .text.tcp_listen_input
                0x000088a4      0x1dc ./lwip/src/core/tcp_in.o
 .text.tcp_timewait_input
                0x00008a80       0xd0 ./lwip/src/core/tcp_in.o
 .text.tcp_process
                0x00008b50      0x744 ./lwip/src/core/tcp_in.o
 .text.tcp_receive
                0x00009294      0x950 ./lwip/src/core/tcp_in.o
 .text.tcp_getoptbyte
                0x00009be4       0x74 ./lwip/src/core/tcp_in.o
 .text.tcp_parseopt
                0x00009c58       0xc8 ./lwip/src/core/tcp_in.o
 .text.tcp_trigger_input_pcb_close
                0x00009d20       0x20 ./lwip/src/core/tcp_in.o
                0x00009d20                tcp_trigger_input_pcb_close
 .text.tcp_output_alloc_header
                0x00009d40       0xe8 ./lwip/src/core/tcp_out.o
 .text.tcp_send_fin
                0x00009e28       0x80 ./lwip/src/core/tcp_out.o
                0x00009e28                tcp_send_fin
 .text.tcp_create_segment
                0x00009ea8      0x10c ./lwip/src/core/tcp_out.o
 .text.tcp_pbuf_prealloc
                0x00009fb4       0xb8 ./lwip/src/core/tcp_out.o
 .text.tcp_write_checks
                0x0000a06c       0xd0 ./lwip/src/core/tcp_out.o
 .text.tcp_write
                0x0000a13c      0x568 ./lwip/src/core/tcp_out.o
                0x0000a13c                tcp_write
 .text.tcp_enqueue_flags
                0x0000a6a4      0x1c4 ./lwip/src/core/tcp_out.o
                0x0000a6a4                tcp_enqueue_flags
 .text.tcp_send_empty_ack
                0x0000a868       0xd4 ./lwip/src/core/tcp_out.o
                0x0000a868                tcp_send_empty_ack
 .text.tcp_output
                0x0000a93c      0x340 ./lwip/src/core/tcp_out.o
                0x0000a93c                tcp_output
 .text.tcp_output_segment
                0x0000ac7c      0x15c ./lwip/src/core/tcp_out.o
 .text.tcp_rst  0x0000add8       0xf8 ./lwip/src/core/tcp_out.o
                0x0000add8                tcp_rst
 .text.tcp_rexmit_rto
                0x0000aed0       0x74 ./lwip/src/core/tcp_out.o
                0x0000aed0                tcp_rexmit_rto
 .text.tcp_rexmit
                0x0000af44       0x94 ./lwip/src/core/tcp_out.o
                0x0000af44                tcp_rexmit
 .text.tcp_rexmit_fast
                0x0000afd8       0xac ./lwip/src/core/tcp_out.o
                0x0000afd8                tcp_rexmit_fast
 .text.tcp_keepalive
                0x0000b084       0x98 ./lwip/src/core/tcp_out.o
                0x0000b084                tcp_keepalive
 .text.tcp_zero_window_probe
                0x0000b11c      0x154 ./lwip/src/core/tcp_out.o
                0x0000b11c                tcp_zero_window_probe
 .text.tcpip_tcp_timer
                0x0000b270       0x44 ./lwip/src/core/timeouts.o
 .text.tcp_timer_needed
                0x0000b2b4       0x40 ./lwip/src/core/timeouts.o
                0x0000b2b4                tcp_timer_needed
 .text.cyclic_timer
                0x0000b2f4       0x2c ./lwip/src/core/timeouts.o
 .text.sys_timeouts_init
                0x0000b320       0x50 ./lwip/src/core/timeouts.o
                0x0000b320                sys_timeouts_init
 .text.sys_timeout
                0x0000b370      0x134 ./lwip/src/core/timeouts.o
                0x0000b370                sys_timeout
 .text.sys_check_timeouts
                0x0000b4a4       0xa0 ./lwip/src/core/timeouts.o
 .text.sys_timeouts_sleeptime
                0x0000b544       0x4c ./lwip/src/core/timeouts.o
 .text.sys_timeouts_mbox_fetch
                0x0000b590       0x4c ./lwip/src/core/timeouts.o
                0x0000b590                sys_timeouts_mbox_fetch
 .text.udp_init
                0x0000b5dc        0xc ./lwip/src/core/udp.o
                0x0000b5dc                udp_init
 .text.udp_new_port
                0x0000b5e8       0x74 ./lwip/src/core/udp.o
 .text.udp_input_local_match
                0x0000b65c       0x78 ./lwip/src/core/udp.o
 .text.udp_input
                0x0000b6d4      0x1f0 ./lwip/src/core/udp.o
                0x0000b6d4                udp_input
 .text.udp_sendto_if
                0x0000b8c4       0x78 ./lwip/src/core/udp.o
                0x0000b8c4                udp_sendto_if
 .text.udp_sendto_if_src
                0x0000b93c      0x154 ./lwip/src/core/udp.o
                0x0000b93c                udp_sendto_if_src
 .text.udp_bind
                0x0000ba90       0xdc ./lwip/src/core/udp.o
                0x0000ba90                udp_bind
 .text.udp_connect
                0x0000bb6c       0xac ./lwip/src/core/udp.o
                0x0000bb6c                udp_connect
 .text.udp_disconnect
                0x0000bc18       0x2c ./lwip/src/core/udp.o
                0x0000bc18                udp_disconnect
 .text.udp_recv
                0x0000bc44       0x24 ./lwip/src/core/udp.o
                0x0000bc44                udp_recv
 .text.udp_new  0x0000bc68       0x30 ./lwip/src/core/udp.o
                0x0000bc68                udp_new
 .text.udp_netif_ip_addr_changed
                0x0000bc98       0x5c ./lwip/src/core/udp.o
                0x0000bc98                udp_netif_ip_addr_changed
 .text.netconn_apimsg
                0x0000bcf4       0x40 ./lwip/src/api/api_lib.o
 .text.netconn_new_with_proto_and_callback
                0x0000bd34       0xbc ./lwip/src/api/api_lib.o
                0x0000bd34                netconn_new_with_proto_and_callback
 .text.netconn_bind
                0x0000bdf0       0x60 ./lwip/src/api/api_lib.o
                0x0000bdf0                netconn_bind
 .text.netconn_connect
                0x0000be50       0x60 ./lwip/src/api/api_lib.o
                0x0000be50                netconn_connect
 .text.netconn_disconnect
                0x0000beb0       0x40 ./lwip/src/api/api_lib.o
                0x0000beb0                netconn_disconnect
 .text.netconn_recv_data
                0x0000bef0      0x170 ./lwip/src/api/api_lib.o
 .text.netconn_recv
                0x0000c060       0xc8 ./lwip/src/api/api_lib.o
                0x0000c060                netconn_recv
 .text.netconn_write_partly
                0x0000c128       0xd4 ./lwip/src/api/api_lib.o
                0x0000c128                netconn_write_partly
 .text.netconn_close_shutdown
                0x0000c1fc       0x4c ./lwip/src/api/api_lib.o
 .text.recv_udp
                0x0000c248       0xd0 ./lwip/src/api/api_msg.o
 .text.recv_tcp
                0x0000c318       0xe8 ./lwip/src/api/api_msg.o
 .text.poll_tcp
                0x0000c400       0xc4 ./lwip/src/api/api_msg.o
 .text.sent_tcp
                0x0000c4c4       0xa0 ./lwip/src/api/api_msg.o
 .text.err_tcp  0x0000c564      0x1a4 ./lwip/src/api/api_msg.o
 .text.setup_tcp
                0x0000c708       0x50 ./lwip/src/api/api_msg.o
 .text.pcb_new  0x0000c758       0xb8 ./lwip/src/api/api_msg.o
 .text.lwip_netconn_do_newconn
                0x0000c810       0x54 ./lwip/src/api/api_msg.o
                0x0000c810                lwip_netconn_do_newconn
 .text.netconn_alloc
                0x0000c864       0xd4 ./lwip/src/api/api_msg.o
                0x0000c864                netconn_alloc
 .text.netconn_free
                0x0000c938       0x5c ./lwip/src/api/api_msg.o
                0x0000c938                netconn_free
 .text.netconn_drain
                0x0000c994       0xe8 ./lwip/src/api/api_msg.o
 .text.lwip_netconn_do_close_internal
                0x0000ca7c      0x2b0 ./lwip/src/api/api_msg.o
 .text.lwip_netconn_do_bind
                0x0000cd2c       0xc0 ./lwip/src/api/api_msg.o
                0x0000cd2c                lwip_netconn_do_bind
 .text.lwip_netconn_do_connected
                0x0000cdec      0x12c ./lwip/src/api/api_msg.o
 .text.lwip_netconn_do_connect
                0x0000cf18      0x1a8 ./lwip/src/api/api_msg.o
                0x0000cf18                lwip_netconn_do_connect
 .text.lwip_netconn_do_disconnect
                0x0000d0c0       0x68 ./lwip/src/api/api_msg.o
                0x0000d0c0                lwip_netconn_do_disconnect
 .text.lwip_netconn_do_recv
                0x0000d128       0x94 ./lwip/src/api/api_msg.o
                0x0000d128                lwip_netconn_do_recv
 .text.lwip_netconn_do_writemore
                0x0000d1bc      0x308 ./lwip/src/api/api_msg.o
 .text.lwip_netconn_do_write
                0x0000d4c4      0x130 ./lwip/src/api/api_msg.o
                0x0000d4c4                lwip_netconn_do_write
 .text.lwip_netconn_do_close
                0x0000d5f4      0x12c ./lwip/src/api/api_msg.o
                0x0000d5f4                lwip_netconn_do_close
 .text.lwip_strerr
                0x0000d720       0x40 ./lwip/src/api/err.o
                0x0000d720                lwip_strerr
 .text.netbuf_delete
                0x0000d760       0x3c ./lwip/src/api/netbuf.o
                0x0000d760                netbuf_delete
 .text.tcpip_thread
                0x0000d79c       0xbc ./lwip/src/api/tcpip.o
 .text.tcpip_inpkt
                0x0000d858       0x74 ./lwip/src/api/tcpip.o
                0x0000d858                tcpip_inpkt
 .text.tcpip_input
                0x0000d8cc       0x44 ./lwip/src/api/tcpip.o
                0x0000d8cc                tcpip_input
 .text.tcpip_send_msg_wait_sem
                0x0000d910       0x30 ./lwip/src/api/tcpip.o
                0x0000d910                tcpip_send_msg_wait_sem
 .text.tcpip_init
                0x0000d940       0x78 ./lwip/src/api/tcpip.o
                0x0000d940                tcpip_init
 .text.NVIC_SetPriority
                0x0000d9b8       0x54 ./lwip/port/ethernetif.o
 .text.ENET_ActiveRead
                0x0000da0c       0x1c ./lwip/port/ethernetif.o
 .text.ethernet_callback
                0x0000da28       0x90 ./lwip/port/ethernetif.o
 .text.enet_init
                0x0000dab8      0x144 ./lwip/port/ethernetif.o
 .text.low_level_init
                0x0000dbfc       0x70 ./lwip/port/ethernetif.o
 .text.enet_get_tx_buffer
                0x0000dc6c       0x1c ./lwip/port/ethernetif.o
 .text.enet_send_frame
                0x0000dc88       0x5c ./lwip/port/ethernetif.o
 .text.low_level_output
                0x0000dce4       0xcc ./lwip/port/ethernetif.o
 .text.enet_get_rx_frame_size
                0x0000ddb0       0x20 ./lwip/port/ethernetif.o
 .text.enet_read_frame
                0x0000ddd0       0x28 ./lwip/port/ethernetif.o
 .text.low_level_input
                0x0000ddf8      0x134 ./lwip/port/ethernetif.o
 .text.ethernetif_input
                0x0000df2c       0x4c ./lwip/port/ethernetif.o
                0x0000df2c                ethernetif_input
 .text.ethernetif_init
                0x0000df78       0x68 ./lwip/port/ethernetif.o
                0x0000df78                ethernetif_init
 .text.sys_assert
                0x0000dfe0       0x20 ./lwip/port/sys_arch.o
                0x0000dfe0                sys_assert
 .text.sys_mbox_new
                0x0000e000       0x38 ./lwip/port/sys_arch.o
                0x0000e000                sys_mbox_new
 .text.sys_mbox_free
                0x0000e038       0x40 ./lwip/port/sys_arch.o
                0x0000e038                sys_mbox_free
 .text.sys_mbox_trypost
                0x0000e078       0x9c ./lwip/port/sys_arch.o
                0x0000e078                sys_mbox_trypost
 .text.sys_arch_mbox_fetch
                0x0000e114       0x9c ./lwip/port/sys_arch.o
                0x0000e114                sys_arch_mbox_fetch
 .text.sys_arch_mbox_tryfetch
                0x0000e1b0       0x44 ./lwip/port/sys_arch.o
                0x0000e1b0                sys_arch_mbox_tryfetch
 .text.sys_sem_new
                0x0000e1f4       0x68 ./lwip/port/sys_arch.o
                0x0000e1f4                sys_sem_new
 .text.sys_arch_sem_wait
                0x0000e25c       0x88 ./lwip/port/sys_arch.o
                0x0000e25c                sys_arch_sem_wait
 .text.sys_mutex_new
                0x0000e2e4       0x30 ./lwip/port/sys_arch.o
                0x0000e2e4                sys_mutex_new
 .text.sys_mutex_lock
                0x0000e314       0x28 ./lwip/port/sys_arch.o
                0x0000e314                sys_mutex_lock
 .text.sys_mutex_unlock
                0x0000e33c       0x20 ./lwip/port/sys_arch.o
                0x0000e33c                sys_mutex_unlock
 .text.sys_sem_signal
                0x0000e35c       0x20 ./lwip/port/sys_arch.o
                0x0000e35c                sys_sem_signal
 .text.sys_sem_free
                0x0000e37c       0x18 ./lwip/port/sys_arch.o
                0x0000e37c                sys_sem_free
 .text.sys_init
                0x0000e394        0xc ./lwip/port/sys_arch.o
                0x0000e394                sys_init
 .text.sys_now  0x0000e3a0       0x10 ./lwip/port/sys_arch.o
                0x0000e3a0                sys_now
 .text.sys_thread_new
                0x0000e3b0       0x44 ./lwip/port/sys_arch.o
                0x0000e3b0                sys_thread_new
 .text.sys_arch_protect
                0x0000e3f4       0x44 ./lwip/port/sys_arch.o
                0x0000e3f4                sys_arch_protect
 .text.sys_arch_unprotect
                0x0000e438       0x2c ./lwip/port/sys_arch.o
                0x0000e438                sys_arch_unprotect
 .text.vPortSetupTimerInterrupt
                0x0000e464       0x40 ./freertos/portable/fsl_tickless_systick.o
                0x0000e464                vPortSetupTimerInterrupt
 .text.pxPortInitialiseStack
                0x0000e4a4       0x68 ./freertos/portable/port.o
                0x0000e4a4                pxPortInitialiseStack
 .text.prvTaskExitError
                0x0000e50c       0x3c ./freertos/portable/port.o
 *fill*         0x0000e548        0x8 
 .text.SVC_Handler
                0x0000e550       0x30 ./freertos/portable/port.o
                0x0000e550                SVC_Handler
 .text.prvPortStartFirstTask
                0x0000e580       0x20 ./freertos/portable/port.o
 .text.xPortStartScheduler
                0x0000e5a0      0x118 ./freertos/portable/port.o
                0x0000e5a0                xPortStartScheduler
 .text.vPortEnterCritical
                0x0000e6b8       0x5c ./freertos/portable/port.o
                0x0000e6b8                vPortEnterCritical
 .text.vPortExitCritical
                0x0000e714       0x4c ./freertos/portable/port.o
                0x0000e714                vPortExitCritical
 .text.PendSV_Handler
                0x0000e760       0x70 ./freertos/portable/port.o
                0x0000e760                PendSV_Handler
 .text.SysTick_Handler
                0x0000e7d0       0x40 ./freertos/portable/port.o
                0x0000e7d0                SysTick_Handler
 .text.vPortEnableVFP
                0x0000e810       0x14 ./freertos/portable/port.o
 .text.vPortValidateInterruptPriority
                0x0000e824       0x78 ./freertos/portable/port.o
                0x0000e824                vPortValidateInterruptPriority
 .text.xEventGroupCreate
                0x0000e89c       0x30 ./freertos/event_groups.o
                0x0000e89c                xEventGroupCreate
 .text.xEventGroupWaitBits
                0x0000e8cc      0x194 ./freertos/event_groups.o
                0x0000e8cc                xEventGroupWaitBits
 .text.xEventGroupSetBits
                0x0000ea60      0x114 ./freertos/event_groups.o
                0x0000ea60                xEventGroupSetBits
 .text.vEventGroupSetBitsCallback
                0x0000eb74       0x18 ./freertos/event_groups.o
                0x0000eb74                vEventGroupSetBitsCallback
 .text.prvTestWaitCondition
                0x0000eb8c       0x44 ./freertos/event_groups.o
 .text.xEventGroupSetBitsFromISR
                0x0000ebd0       0x28 ./freertos/event_groups.o
                0x0000ebd0                xEventGroupSetBitsFromISR
 .text.pvPortMalloc
                0x0000ebf8       0x24 ./freertos/heap_3.o
                0x0000ebf8                pvPortMalloc
 .text.vPortFree
                0x0000ec1c       0x24 ./freertos/heap_3.o
                0x0000ec1c                vPortFree
 .text.vListInitialise
                0x0000ec40       0x40 ./freertos/list.o
                0x0000ec40                vListInitialise
 .text.vListInitialiseItem
                0x0000ec80       0x18 ./freertos/list.o
                0x0000ec80                vListInitialiseItem
 .text.vListInsertEnd
                0x0000ec98       0x48 ./freertos/list.o
                0x0000ec98                vListInsertEnd
 .text.vListInsert
                0x0000ece0       0x70 ./freertos/list.o
                0x0000ece0                vListInsert
 .text.uxListRemove
                0x0000ed50       0x54 ./freertos/list.o
                0x0000ed50                uxListRemove
 .text.xQueueGenericReset
                0x0000eda4       0xd0 ./freertos/queue.o
                0x0000eda4                xQueueGenericReset
 .text.xQueueGenericCreate
                0x0000ee74       0x70 ./freertos/queue.o
                0x0000ee74                xQueueGenericCreate
 .text.prvInitialiseNewQueue
                0x0000eee4       0x44 ./freertos/queue.o
 .text.prvInitialiseMutex
                0x0000ef28       0x34 ./freertos/queue.o
 .text.xQueueCreateMutex
                0x0000ef5c       0x30 ./freertos/queue.o
                0x0000ef5c                xQueueCreateMutex
 .text.xQueueGenericSend
                0x0000ef8c      0x1fc ./freertos/queue.o
                0x0000ef8c                xQueueGenericSend
 .text.xQueueGenericSendFromISR
                0x0000f188      0x128 ./freertos/queue.o
                0x0000f188                xQueueGenericSendFromISR
 .text.xQueueGenericReceive
                0x0000f2b0      0x22c ./freertos/queue.o
                0x0000f2b0                xQueueGenericReceive
 .text.uxQueueMessagesWaiting
                0x0000f4dc       0x3c ./freertos/queue.o
                0x0000f4dc                uxQueueMessagesWaiting
 .text.vQueueDelete
                0x0000f518       0x38 ./freertos/queue.o
                0x0000f518                vQueueDelete
 .text.prvCopyDataToQueue
                0x0000f550       0xd8 ./freertos/queue.o
 .text.prvCopyDataFromQueue
                0x0000f628       0x4c ./freertos/queue.o
 .text.prvUnlockQueue
                0x0000f674       0xa0 ./freertos/queue.o
 .text.prvIsQueueEmpty
                0x0000f714       0x2c ./freertos/queue.o
 .text.prvIsQueueFull
                0x0000f740       0x30 ./freertos/queue.o
 .text.xQueueIsQueueFullFromISR
                0x0000f770       0x48 ./freertos/queue.o
                0x0000f770                xQueueIsQueueFullFromISR
 .text.vQueueAddToRegistry
                0x0000f7b8       0x50 ./freertos/queue.o
                0x0000f7b8                vQueueAddToRegistry
 .text.vQueueUnregisterQueue
                0x0000f808       0x50 ./freertos/queue.o
                0x0000f808                vQueueUnregisterQueue
 .text.vQueueWaitForMessageRestricted
                0x0000f858       0x6c ./freertos/queue.o
                0x0000f858                vQueueWaitForMessageRestricted
 .text.xTaskCreate
                0x0000f8c4       0x84 ./freertos/tasks.o
                0x0000f8c4                xTaskCreate
 .text.prvInitialiseNewTask
                0x0000f948      0x128 ./freertos/tasks.o
 .text.prvAddNewTaskToReadyList
                0x0000fa70       0xdc ./freertos/tasks.o
 .text.vTaskDelete
                0x0000fb4c      0x11c ./freertos/tasks.o
                0x0000fb4c                vTaskDelete
 .text.vTaskDelay
                0x0000fc68       0x64 ./freertos/tasks.o
                0x0000fc68                vTaskDelay
 .text.vTaskStartScheduler
                0x0000fccc       0x94 ./freertos/tasks.o
                0x0000fccc                vTaskStartScheduler
 .text.vTaskSuspendAll
                0x0000fd60       0x1c ./freertos/tasks.o
                0x0000fd60                vTaskSuspendAll
 .text.xTaskResumeAll
                0x0000fd7c      0x138 ./freertos/tasks.o
                0x0000fd7c                xTaskResumeAll
 .text.xTaskGetTickCount
                0x0000feb4       0x20 ./freertos/tasks.o
                0x0000feb4                xTaskGetTickCount
 .text.xTaskIncrementTick
                0x0000fed4      0x15c ./freertos/tasks.o
                0x0000fed4                xTaskIncrementTick
 .text.vTaskSwitchContext
                0x00010030       0xb4 ./freertos/tasks.o
                0x00010030                vTaskSwitchContext
 .text.vTaskPlaceOnEventList
                0x000100e4       0x44 ./freertos/tasks.o
                0x000100e4                vTaskPlaceOnEventList
 .text.vTaskPlaceOnUnorderedEventList
                0x00010128       0x74 ./freertos/tasks.o
                0x00010128                vTaskPlaceOnUnorderedEventList
 .text.vTaskPlaceOnEventListRestricted
                0x0001019c       0x54 ./freertos/tasks.o
                0x0001019c                vTaskPlaceOnEventListRestricted
 .text.xTaskRemoveFromEventList
                0x000101f0       0xc4 ./freertos/tasks.o
                0x000101f0                xTaskRemoveFromEventList
 .text.xTaskRemoveFromUnorderedEventList
                0x000102b4       0xcc ./freertos/tasks.o
                0x000102b4                xTaskRemoveFromUnorderedEventList
 .text.vTaskSetTimeOutState
                0x00010380       0x44 ./freertos/tasks.o
                0x00010380                vTaskSetTimeOutState
 .text.xTaskCheckForTimeOut
                0x000103c4       0xbc ./freertos/tasks.o
                0x000103c4                xTaskCheckForTimeOut
 .text.vTaskMissedYield
                0x00010480       0x18 ./freertos/tasks.o
                0x00010480                vTaskMissedYield
 .text.prvIdleTask
                0x00010498       0x30 ./freertos/tasks.o
 .text.prvInitialiseTaskLists
                0x000104c8       0x7c ./freertos/tasks.o
 .text.prvCheckTasksWaitingTermination
                0x00010544       0x74 ./freertos/tasks.o
 .text.prvDeleteTCB
                0x000105b8       0x20 ./freertos/tasks.o
 .text.prvResetNextTaskUnblockTime
                0x000105d8       0x48 ./freertos/tasks.o
 .text.xTaskGetSchedulerState
                0x00010620       0x3c ./freertos/tasks.o
                0x00010620                xTaskGetSchedulerState
 .text.vTaskPriorityInherit
                0x0001065c       0xec ./freertos/tasks.o
                0x0001065c                vTaskPriorityInherit
 .text.xTaskPriorityDisinherit
                0x00010748      0x108 ./freertos/tasks.o
                0x00010748                xTaskPriorityDisinherit
 .text.uxTaskResetEventItemValue
                0x00010850       0x30 ./freertos/tasks.o
                0x00010850                uxTaskResetEventItemValue
 .text.pvTaskIncrementMutexHeldCount
                0x00010880       0x28 ./freertos/tasks.o
                0x00010880                pvTaskIncrementMutexHeldCount
 .text.prvAddCurrentTaskToDelayedList
                0x000108a8       0xc8 ./freertos/tasks.o
 .text.xTimerCreateTimerTask
                0x00010970       0x60 ./freertos/timers.o
                0x00010970                xTimerCreateTimerTask
 .text.xTimerGenericCommand
                0x000109d0       0xa4 ./freertos/timers.o
                0x000109d0                xTimerGenericCommand
 .text.prvProcessExpiredTimer
                0x00010a74       0x80 ./freertos/timers.o
 .text.prvTimerTask
                0x00010af4       0x24 ./freertos/timers.o
 .text.prvProcessTimerOrBlockTask
                0x00010b18       0x9c ./freertos/timers.o
 .text.prvGetNextExpireTime
                0x00010bb4       0x48 ./freertos/timers.o
 .text.prvSampleTimeNow
                0x00010bfc       0x40 ./freertos/timers.o
 .text.prvInsertTimerInActiveList
                0x00010c3c       0x84 ./freertos/timers.o
 .text.prvProcessReceivedCommands
                0x00010cc0      0x164 ./freertos/timers.o
 .text.prvSwitchTimerLists
                0x00010e24       0xc0 ./freertos/timers.o
 .text.prvCheckForValidListAndQueue
                0x00010ee4       0x6c ./freertos/timers.o
 .text.xTimerPendFunctionCallFromISR
                0x00010f50       0x44 ./freertos/timers.o
                0x00010f50                xTimerPendFunctionCallFromISR
 .text.CLOCK_SetEr32kClock
                0x00010f94       0x2c ./drivers/fsl_clock.o
 .text.CLOCK_SetPllFllSelClock
                0x00010fc0       0x58 ./drivers/fsl_clock.o
 .text.OSC_SetExtRefClkConfig
                0x00011018       0x40 ./drivers/fsl_clock.o
 .text.OSC_SetCapLoad
                0x00011058       0x34 ./drivers/fsl_clock.o
 .text.CLOCK_GetMcgExtClkFreq
                0x0001108c       0x8c ./drivers/fsl_clock.o
 .text.CLOCK_GetFllExtRefClkFreq
                0x00011118       0xc8 ./drivers/fsl_clock.o
 .text.CLOCK_GetInternalRefClkSelectFreq
                0x000111e0       0x44 ./drivers/fsl_clock.o
 .text.CLOCK_GetFllRefClkFreq
                0x00011224       0x2c ./drivers/fsl_clock.o
 .text.CLOCK_GetPll0RefFreq
                0x00011250       0x10 ./drivers/fsl_clock.o
 .text.CLOCK_GetOscRangeFromFreq
                0x00011260       0x3c ./drivers/fsl_clock.o
 .text.CLOCK_GetOsc0ErClkUndivFreq
                0x0001129c       0x48 ./drivers/fsl_clock.o
                0x0001129c                CLOCK_GetOsc0ErClkUndivFreq
 .text.CLOCK_GetOsc0ErClkDivFreq
                0x000112e4       0x58 ./drivers/fsl_clock.o
                0x000112e4                CLOCK_GetOsc0ErClkDivFreq
 .text.CLOCK_GetEr32kClkFreq
                0x0001133c       0x80 ./drivers/fsl_clock.o
                0x0001133c                CLOCK_GetEr32kClkFreq
 .text.CLOCK_GetPllFllSelClkFreq
                0x000113bc       0x90 ./drivers/fsl_clock.o
                0x000113bc                CLOCK_GetPllFllSelClkFreq
 .text.CLOCK_GetCoreSysClkFreq
                0x0001144c       0x24 ./drivers/fsl_clock.o
                0x0001144c                CLOCK_GetCoreSysClkFreq
 .text.CLOCK_GetFreq
                0x00011470      0x14c ./drivers/fsl_clock.o
                0x00011470                CLOCK_GetFreq
 .text.CLOCK_SetSimConfig
                0x000115bc       0x44 ./drivers/fsl_clock.o
                0x000115bc                CLOCK_SetSimConfig
 .text.CLOCK_GetOutClkFreq
                0x00011600       0x90 ./drivers/fsl_clock.o
                0x00011600                CLOCK_GetOutClkFreq
 .text.CLOCK_GetFllFreq
                0x00011690       0x74 ./drivers/fsl_clock.o
                0x00011690                CLOCK_GetFllFreq
 .text.CLOCK_GetInternalRefClkFreq
                0x00011704       0x24 ./drivers/fsl_clock.o
                0x00011704                CLOCK_GetInternalRefClkFreq
 .text.CLOCK_GetFixedFreqClkFreq
                0x00011728       0x30 ./drivers/fsl_clock.o
                0x00011728                CLOCK_GetFixedFreqClkFreq
 .text.CLOCK_GetPll0Freq
                0x00011758       0x7c ./drivers/fsl_clock.o
                0x00011758                CLOCK_GetPll0Freq
 .text.CLOCK_GetExtPllFreq
                0x000117d4       0x18 ./drivers/fsl_clock.o
                0x000117d4                CLOCK_GetExtPllFreq
 .text.CLOCK_SetExternalRefClkConfig
                0x000117ec       0x6c ./drivers/fsl_clock.o
                0x000117ec                CLOCK_SetExternalRefClkConfig
 .text.CLOCK_SetInternalRefClkConfig
                0x00011858      0x104 ./drivers/fsl_clock.o
                0x00011858                CLOCK_SetInternalRefClkConfig
 .text.CLOCK_EnablePll0
                0x0001195c       0x94 ./drivers/fsl_clock.o
                0x0001195c                CLOCK_EnablePll0
 .text.CLOCK_InitOsc0
                0x000119f0       0x8c ./drivers/fsl_clock.o
                0x000119f0                CLOCK_InitOsc0
 .text.CLOCK_SetPbeMode
                0x00011a7c       0xf8 ./drivers/fsl_clock.o
                0x00011a7c                CLOCK_SetPbeMode
 .text.CLOCK_BootToPeeMode
                0x00011b74       0x78 ./drivers/fsl_clock.o
                0x00011b74                CLOCK_BootToPeeMode
 .text.__assert_func
                0x00011bec       0x28 ./drivers/fsl_common.o
                0x00011bec                __assert_func
 .text.NVIC_EnableIRQ
                0x00011c14       0x30 ./drivers/fsl_enet.o
 .text.CLOCK_EnableClock
                0x00011c44       0x34 ./drivers/fsl_enet.o
 .text.EnableIRQ
                0x00011c78       0x28 ./drivers/fsl_enet.o
 .text.ENET_Reset
                0x00011ca0       0x20 ./drivers/fsl_enet.o
 .text.ENET_GetSMI
                0x00011cc0       0x28 ./drivers/fsl_enet.o
 .text.ENET_EnableSleepMode
                0x00011ce8       0x38 ./drivers/fsl_enet.o
 .text.ENET_EnableInterrupts
                0x00011d20       0x20 ./drivers/fsl_enet.o
 .text.ENET_GetInstance
                0x00011d40       0x54 ./drivers/fsl_enet.o
                0x00011d40                ENET_GetInstance
 .text.ENET_GetDefaultConfig
                0x00011d94       0x54 ./drivers/fsl_enet.o
                0x00011d94                ENET_GetDefaultConfig
 .text.ENET_Init
                0x00011de8      0x1f0 ./drivers/fsl_enet.o
                0x00011de8                ENET_Init
 .text.ENET_SetCallback
                0x00011fd8       0x40 ./drivers/fsl_enet.o
                0x00011fd8                ENET_SetCallback
 .text.ENET_SetHandler
                0x00012018       0xd4 ./drivers/fsl_enet.o
 .text.ENET_SetMacController
                0x000120ec      0x288 ./drivers/fsl_enet.o
 .text.ENET_SetTxBufferDescriptors
                0x00012374       0xa4 ./drivers/fsl_enet.o
 .text.ENET_SetRxBufferDescriptors
                0x00012418       0xa8 ./drivers/fsl_enet.o
 .text.ENET_SetMacAddr
                0x000124c0       0x5c ./drivers/fsl_enet.o
                0x000124c0                ENET_SetMacAddr
 .text.ENET_SetSMI
                0x0001251c       0x94 ./drivers/fsl_enet.o
                0x0001251c                ENET_SetSMI
 .text.ENET_StartSMIWrite
                0x000125b0       0x50 ./drivers/fsl_enet.o
                0x000125b0                ENET_StartSMIWrite
 .text.ENET_StartSMIRead
                0x00012600       0x48 ./drivers/fsl_enet.o
                0x00012600                ENET_StartSMIRead
 .text.ENET_GetRxFrameSize
                0x00012648       0xec ./drivers/fsl_enet.o
                0x00012648                ENET_GetRxFrameSize
 .text.ENET_ReadFrame
                0x00012734      0x148 ./drivers/fsl_enet.o
                0x00012734                ENET_ReadFrame
 .text.ENET_UpdateReadBuffers
                0x0001287c       0x8c ./drivers/fsl_enet.o
 .text.ENET_SendFrame
                0x00012908      0x1ec ./drivers/fsl_enet.o
                0x00012908                ENET_SendFrame
 .text.ENET_TransmitIRQHandler
                0x00012af4       0x60 ./drivers/fsl_enet.o
                0x00012af4                ENET_TransmitIRQHandler
 .text.ENET_ReceiveIRQHandler
                0x00012b54       0x60 ./drivers/fsl_enet.o
                0x00012b54                ENET_ReceiveIRQHandler
 .text.ENET_ErrorIRQHandler
                0x00012bb4       0x98 ./drivers/fsl_enet.o
                0x00012bb4                ENET_ErrorIRQHandler
 .text.ENET_Transmit_IRQHandler
                0x00012c4c       0x20 ./drivers/fsl_enet.o
                0x00012c4c                ENET_Transmit_IRQHandler
 .text.ENET_Receive_IRQHandler
                0x00012c6c       0x20 ./drivers/fsl_enet.o
                0x00012c6c                ENET_Receive_IRQHandler
 .text.ENET_Error_IRQHandler
                0x00012c8c       0x20 ./drivers/fsl_enet.o
                0x00012c8c                ENET_Error_IRQHandler
 .text.ENET_1588_Timer_IRQHandler
                0x00012cac       0x20 ./drivers/fsl_enet.o
                0x00012cac                ENET_1588_Timer_IRQHandler
 .text.CLOCK_EnableClock
                0x00012ccc       0x34 ./drivers/fsl_lpuart.o
 .text.LPUART_GetInstance
                0x00012d00       0x50 ./drivers/fsl_lpuart.o
                0x00012d00                LPUART_GetInstance
 .text.LPUART_Init
                0x00012d50      0x23c ./drivers/fsl_lpuart.o
                0x00012d50                LPUART_Init
 .text.LPUART_GetDefaultConfig
                0x00012f8c       0x5c ./drivers/fsl_lpuart.o
                0x00012f8c                LPUART_GetDefaultConfig
 .text.LPUART_GetStatusFlags
                0x00012fe8       0x1c ./drivers/fsl_lpuart.o
                0x00012fe8                LPUART_GetStatusFlags
 .text.LPUART_ClearStatusFlags
                0x00013004       0x80 ./drivers/fsl_lpuart.o
                0x00013004                LPUART_ClearStatusFlags
 .text.LPUART_WriteBlocking
                0x00013084       0x5c ./drivers/fsl_lpuart.o
                0x00013084                LPUART_WriteBlocking
 .text.LPUART_ReadBlocking
                0x000130e0       0xd0 ./drivers/fsl_lpuart.o
                0x000130e0                LPUART_ReadBlocking
 .text.LPUART0_DriverIRQHandler
                0x000131b0       0x20 ./drivers/fsl_lpuart.o
                0x000131b0                LPUART0_DriverIRQHandler
 .text.CLOCK_EnableClock
                0x000131d0       0x34 ./drivers/fsl_uart.o
 .text.UART_GetInstance
                0x00013204       0x60 ./drivers/fsl_uart.o
                0x00013204                UART_GetInstance
 .text.UART_Init
                0x00013264      0x2bc ./drivers/fsl_uart.o
                0x00013264                UART_Init
 .text.UART_GetDefaultConfig
                0x00013520       0x5c ./drivers/fsl_uart.o
                0x00013520                UART_GetDefaultConfig
 .text.UART_GetStatusFlags
                0x0001357c       0x48 ./drivers/fsl_uart.o
                0x0001357c                UART_GetStatusFlags
 .text.UART_WriteBlocking
                0x000135c4       0x40 ./drivers/fsl_uart.o
                0x000135c4                UART_WriteBlocking
 .text.UART_ReadBlocking
                0x00013604       0xa4 ./drivers/fsl_uart.o
                0x00013604                UART_ReadBlocking
 .text.UART0_DriverIRQHandler
                0x000136a8       0x20 ./drivers/fsl_uart.o
                0x000136a8                UART0_DriverIRQHandler
 .text.UART0_RX_TX_DriverIRQHandler
                0x000136c8        0xc ./drivers/fsl_uart.o
                0x000136c8                UART0_RX_TX_DriverIRQHandler
 .text.UART1_DriverIRQHandler
                0x000136d4       0x20 ./drivers/fsl_uart.o
                0x000136d4                UART1_DriverIRQHandler
 .text.UART1_RX_TX_DriverIRQHandler
                0x000136f4        0xc ./drivers/fsl_uart.o
                0x000136f4                UART1_RX_TX_DriverIRQHandler
 .text.UART2_DriverIRQHandler
                0x00013700       0x20 ./drivers/fsl_uart.o
                0x00013700                UART2_DriverIRQHandler
 .text.UART2_RX_TX_DriverIRQHandler
                0x00013720        0xc ./drivers/fsl_uart.o
                0x00013720                UART2_RX_TX_DriverIRQHandler
 .text.UART3_DriverIRQHandler
                0x0001372c       0x20 ./drivers/fsl_uart.o
                0x0001372c                UART3_DriverIRQHandler
 .text.UART3_RX_TX_DriverIRQHandler
                0x0001374c        0xc ./drivers/fsl_uart.o
                0x0001374c                UART3_RX_TX_DriverIRQHandler
 .text.UART4_DriverIRQHandler
                0x00013758       0x20 ./drivers/fsl_uart.o
                0x00013758                UART4_DriverIRQHandler
 .text.UART4_RX_TX_DriverIRQHandler
                0x00013778        0xc ./drivers/fsl_uart.o
                0x00013778                UART4_RX_TX_DriverIRQHandler
 .text.BOARD_InitDebugConsole
                0x00013784       0x24 ./board/board.o
                0x00013784                BOARD_InitDebugConsole
 .text.CLOCK_SetSimSafeDivs
                0x000137a8       0x20 ./board/clock_config.o
 .text.CLOCK_SetXtal0Freq
                0x000137c8       0x1c ./board/clock_config.o
 .text.CLOCK_CONFIG_SetFllExtRefDiv
                0x000137e4       0x38 ./board/clock_config.o
 .text.BOARD_BootClockRUN
                0x0001381c       0x64 ./board/clock_config.o
                0x0001381c                BOARD_BootClockRUN
 .text.CLOCK_EnableClock
                0x00013880       0x34 ./board/fsl_phy.o
 .text.ENET_ReadSMIData
                0x000138b4       0x1c ./board/fsl_phy.o
 .text.ENET_GetInterruptStatus
                0x000138d0       0x18 ./board/fsl_phy.o
 .text.ENET_ClearInterruptStatus
                0x000138e8       0x1c ./board/fsl_phy.o
 .text.PHY_Init
                0x00013904       0xf8 ./board/fsl_phy.o
                0x00013904                PHY_Init
 .text.PHY_Write
                0x000139fc       0x70 ./board/fsl_phy.o
                0x000139fc                PHY_Write
 .text.PHY_Read
                0x00013a6c       0x98 ./board/fsl_phy.o
                0x00013a6c                PHY_Read
 .text.PHY_GetLinkStatus
                0x00013b04       0x68 ./board/fsl_phy.o
                0x00013b04                PHY_GetLinkStatus
 .text.PHY_GetLinkSpeedDuplex
                0x00013b6c       0x98 ./board/fsl_phy.o
                0x00013b6c                PHY_GetLinkSpeedDuplex
 .text.CLOCK_EnableClock
                0x00013c04       0x34 ./board/pin_mux.o
 .text.PORT_SetPinConfig
                0x00013c38       0x44 ./board/pin_mux.o
 .text.PORT_SetPinMux
                0x00013c7c       0x38 ./board/pin_mux.o
 .text.BOARD_InitPins
                0x00013cb4       0xe4 ./board/pin_mux.o
                0x00013cb4                BOARD_InitPins
 .text.__errno  0x00013d98        0xc c:/freescale/kds_v3/toolchain/bin/../lib/gcc/arm-none-eabi/4.8.4/../../../../arm-none-eabi/lib/armv7e-m/fpu\libg_s.a(lib_a-errno.o)
                0x00013d98                __errno
 .text.exit     0x00013da4       0x28 c:/freescale/kds_v3/toolchain/bin/../lib/gcc/arm-none-eabi/4.8.4/../../../../arm-none-eabi/lib/armv7e-m/fpu\libg_s.a(lib_a-exit.o)
                0x00013da4                exit
 .text.__libc_init_array
                0x00013dcc       0x4c c:/freescale/kds_v3/toolchain/bin/../lib/gcc/arm-none-eabi/4.8.4/../../../../arm-none-eabi/lib/armv7e-m/fpu\libg_s.a(lib_a-init.o)
                0x00013dcc                __libc_init_array
 .text.malloc   0x00013e18       0x10 c:/freescale/kds_v3/toolchain/bin/../lib/gcc/arm-none-eabi/4.8.4/../../../../arm-none-eabi/lib/armv7e-m/fpu\libg_s.a(lib_a-malloc.o)
                0x00013e18                malloc
 .text.free     0x00013e28       0x10 c:/freescale/kds_v3/toolchain/bin/../lib/gcc/arm-none-eabi/4.8.4/../../../../arm-none-eabi/lib/armv7e-m/fpu\libg_s.a(lib_a-malloc.o)
                0x00013e28                free
 .text.memcmp   0x00013e38       0x1e c:/freescale/kds_v3/toolchain/bin/../lib/gcc/arm-none-eabi/4.8.4/../../../../arm-none-eabi/lib/armv7e-m/fpu\libg_s.a(lib_a-memcmp.o)
                0x00013e38                memcmp
 .text.memcpy   0x00013e56       0x12 c:/freescale/kds_v3/toolchain/bin/../lib/gcc/arm-none-eabi/4.8.4/../../../../arm-none-eabi/lib/armv7e-m/fpu\libg_s.a(lib_a-memcpy-stub.o)
                0x00013e56                memcpy
 .text.memset   0x00013e68       0x10 c:/freescale/kds_v3/toolchain/bin/../lib/gcc/arm-none-eabi/4.8.4/../../../../arm-none-eabi/lib/armv7e-m/fpu\libg_s.a(lib_a-memset.o)
                0x00013e68                memset
 .text._free_r  0x00013e78       0x88 c:/freescale/kds_v3/toolchain/bin/../lib/gcc/arm-none-eabi/4.8.4/../../../../arm-none-eabi/lib/armv7e-m/fpu\libg_s.a(lib_a-nano-freer.o)
                0x00013e78                _free_r
 .text._malloc_r
                0x00013f00       0xa8 c:/freescale/kds_v3/toolchain/bin/../lib/gcc/arm-none-eabi/4.8.4/../../../../arm-none-eabi/lib/armv7e-m/fpu\libg_s.a(lib_a-nano-mallocr.o)
                0x00013f00                _malloc_r
 .text.printf   0x00013fa8       0x30 c:/freescale/kds_v3/toolchain/bin/../lib/gcc/arm-none-eabi/4.8.4/../../../../arm-none-eabi/lib/armv7e-m/fpu\libg_s.a(lib_a-printf.o)
                0x00013fa8                iprintf
                0x00013fa8                printf
 .text._sbrk_r  0x00013fd8       0x20 c:/freescale/kds_v3/toolchain/bin/../lib/gcc/arm-none-eabi/4.8.4/../../../../arm-none-eabi/lib/armv7e-m/fpu\libg_s.a(lib_a-sbrkr.o)
                0x00013fd8                _sbrk_r
 .text.strlen   0x00013ff8       0x10 c:/freescale/kds_v3/toolchain/bin/../lib/gcc/arm-none-eabi/4.8.4/../../../../arm-none-eabi/lib/armv7e-m/fpu\libg_s.a(lib_a-strlen.o)
                0x00013ff8                strlen
 .text.__sfputc_r
                0x00014008       0x2c c:/freescale/kds_v3/toolchain/bin/../lib/gcc/arm-none-eabi/4.8.4/../../../../arm-none-eabi/lib/armv7e-m/fpu\libg_s.a(lib_a-vfprintf.o)
 .text.__sfputs_r
                0x00014034       0x24 c:/freescale/kds_v3/toolchain/bin/../lib/gcc/arm-none-eabi/4.8.4/../../../../arm-none-eabi/lib/armv7e-m/fpu\libg_s.a(lib_a-vfprintf.o)
                0x00014034                __sfputs_r
 .text._vfprintf_r
                0x00014058      0x208 c:/freescale/kds_v3/toolchain/bin/../lib/gcc/arm-none-eabi/4.8.4/../../../../arm-none-eabi/lib/armv7e-m/fpu\libg_s.a(lib_a-vfprintf.o)
                0x00014058                _vfprintf_r
                0x00014058                _vfiprintf_r
 .text._printf_common
                0x00014260       0xe4 c:/freescale/kds_v3/toolchain/bin/../lib/gcc/arm-none-eabi/4.8.4/../../../../arm-none-eabi/lib/armv7e-m/fpu\libg_s.a(lib_a-vfprintf_i.o)
                0x00014260                _printf_common
 .text._printf_i
                0x00014344      0x228 c:/freescale/kds_v3/toolchain/bin/../lib/gcc/arm-none-eabi/4.8.4/../../../../arm-none-eabi/lib/armv7e-m/fpu\libg_s.a(lib_a-vfprintf_i.o)
                0x00014344                _printf_i
 .text.__swbuf_r
                0x0001456c       0xa8 c:/freescale/kds_v3/toolchain/bin/../lib/gcc/arm-none-eabi/4.8.4/../../../../arm-none-eabi/lib/armv7e-m/fpu\libg_s.a(lib_a-wbuf.o)
                0x0001456c                __swbuf_r
 .text.__swsetup_r
                0x00014614       0xdc c:/freescale/kds_v3/toolchain/bin/../lib/gcc/arm-none-eabi/4.8.4/../../../../arm-none-eabi/lib/armv7e-m/fpu\libg_s.a(lib_a-wsetup.o)
                0x00014614                __swsetup_r
 .text.__sflush_r
                0x000146f0      0x106 c:/freescale/kds_v3/toolchain/bin/../lib/gcc/arm-none-eabi/4.8.4/../../../../arm-none-eabi/lib/armv7e-m/fpu\libg_s.a(lib_a-fflush.o)
                0x000146f0                __sflush_r
 *fill*         0x000147f6        0x2 
 .text._fflush_r
                0x000147f8       0x54 c:/freescale/kds_v3/toolchain/bin/../lib/gcc/arm-none-eabi/4.8.4/../../../../arm-none-eabi/lib/armv7e-m/fpu\libg_s.a(lib_a-fflush.o)
                0x000147f8                _fflush_r
 .text._cleanup_r
                0x0001484c       0x32 c:/freescale/kds_v3/toolchain/bin/../lib/gcc/arm-none-eabi/4.8.4/../../../../arm-none-eabi/lib/armv7e-m/fpu\libg_s.a(lib_a-findfp.o)
                0x0001484c                _cleanup_r
 *fill*         0x0001487e        0x2 
 .text.std.isra.0
                0x00014880       0x48 c:/freescale/kds_v3/toolchain/bin/../lib/gcc/arm-none-eabi/4.8.4/../../../../arm-none-eabi/lib/armv7e-m/fpu\libg_s.a(lib_a-findfp.o)
 .text.__sfmoreglue
                0x000148c8       0x2c c:/freescale/kds_v3/toolchain/bin/../lib/gcc/arm-none-eabi/4.8.4/../../../../arm-none-eabi/lib/armv7e-m/fpu\libg_s.a(lib_a-findfp.o)
                0x000148c8                __sfmoreglue
 .text.__sinit  0x000148f4       0x60 c:/freescale/kds_v3/toolchain/bin/../lib/gcc/arm-none-eabi/4.8.4/../../../../arm-none-eabi/lib/armv7e-m/fpu\libg_s.a(lib_a-findfp.o)
                0x000148f4                __sinit
 .text.__sfp    0x00014954       0x74 c:/freescale/kds_v3/toolchain/bin/../lib/gcc/arm-none-eabi/4.8.4/../../../../arm-none-eabi/lib/armv7e-m/fpu\libg_s.a(lib_a-findfp.o)
                0x00014954                __sfp
 .text.__smakebuf_r
                0x000149c8       0x9c c:/freescale/kds_v3/toolchain/bin/../lib/gcc/arm-none-eabi/4.8.4/../../../../arm-none-eabi/lib/armv7e-m/fpu\libg_s.a(lib_a-makebuf.o)
                0x000149c8                __smakebuf_r
 .text.memchr   0x00014a64       0x1e c:/freescale/kds_v3/toolchain/bin/../lib/gcc/arm-none-eabi/4.8.4/../../../../arm-none-eabi/lib/armv7e-m/fpu\libg_s.a(lib_a-memchr-stub.o)
                0x00014a64                memchr
 .text.__sread  0x00014a82       0x22 c:/freescale/kds_v3/toolchain/bin/../lib/gcc/arm-none-eabi/4.8.4/../../../../arm-none-eabi/lib/armv7e-m/fpu\libg_s.a(lib_a-stdio.o)
                0x00014a82                __sread
 .text.__swrite
                0x00014aa4       0x38 c:/freescale/kds_v3/toolchain/bin/../lib/gcc/arm-none-eabi/4.8.4/../../../../arm-none-eabi/lib/armv7e-m/fpu\libg_s.a(lib_a-stdio.o)
                0x00014aa4                __swrite
 .text.__sseek  0x00014adc       0x24 c:/freescale/kds_v3/toolchain/bin/../lib/gcc/arm-none-eabi/4.8.4/../../../../arm-none-eabi/lib/armv7e-m/fpu\libg_s.a(lib_a-stdio.o)
                0x00014adc                __sseek
 .text.__sclose
                0x00014b00        0x8 c:/freescale/kds_v3/toolchain/bin/../lib/gcc/arm-none-eabi/4.8.4/../../../../arm-none-eabi/lib/armv7e-m/fpu\libg_s.a(lib_a-stdio.o)
                0x00014b00                __sclose
 .text._write_r
                0x00014b08       0x24 c:/freescale/kds_v3/toolchain/bin/../lib/gcc/arm-none-eabi/4.8.4/../../../../arm-none-eabi/lib/armv7e-m/fpu\libg_s.a(lib_a-writer.o)
                0x00014b08                _write_r
 .text._close_r
                0x00014b2c       0x20 c:/freescale/kds_v3/toolchain/bin/../lib/gcc/arm-none-eabi/4.8.4/../../../../arm-none-eabi/lib/armv7e-m/fpu\libg_s.a(lib_a-closer.o)
                0x00014b2c                _close_r
 .text._fstat_r
                0x00014b4c       0x24 c:/freescale/kds_v3/toolchain/bin/../lib/gcc/arm-none-eabi/4.8.4/../../../../arm-none-eabi/lib/armv7e-m/fpu\libg_s.a(lib_a-fstatr.o)
                0x00014b4c                _fstat_r
 .text._isatty_r
                0x00014b70       0x20 c:/freescale/kds_v3/toolchain/bin/../lib/gcc/arm-none-eabi/4.8.4/../../../../arm-none-eabi/lib/armv7e-m/fpu\libg_s.a(lib_a-isattyr.o)
                0x00014b70                _isatty_r
 .text._lseek_r
                0x00014b90       0x24 c:/freescale/kds_v3/toolchain/bin/../lib/gcc/arm-none-eabi/4.8.4/../../../../arm-none-eabi/lib/armv7e-m/fpu\libg_s.a(lib_a-lseekr.o)
                0x00014b90                _lseek_r
 .text._read_r  0x00014bb4       0x24 c:/freescale/kds_v3/toolchain/bin/../lib/gcc/arm-none-eabi/4.8.4/../../../../arm-none-eabi/lib/armv7e-m/fpu\libg_s.a(lib_a-readr.o)
                0x00014bb4                _read_r
 .text._close   0x00014bd8       0x10 c:/freescale/kds_v3/toolchain/bin/../lib/gcc/arm-none-eabi/4.8.4/../../../../arm-none-eabi/lib/armv7e-m/fpu\libnosys.a(close.o)
                0x00014bd8                _close
 .text._fstat   0x00014be8       0x10 c:/freescale/kds_v3/toolchain/bin/../lib/gcc/arm-none-eabi/4.8.4/../../../../arm-none-eabi/lib/armv7e-m/fpu\libnosys.a(fstat.o)
                0x00014be8                _fstat
 .text._isatty  0x00014bf8       0x10 c:/freescale/kds_v3/toolchain/bin/../lib/gcc/arm-none-eabi/4.8.4/../../../../arm-none-eabi/lib/armv7e-m/fpu\libnosys.a(isatty.o)
                0x00014bf8                _isatty
 .text._lseek   0x00014c08       0x10 c:/freescale/kds_v3/toolchain/bin/../lib/gcc/arm-none-eabi/4.8.4/../../../../arm-none-eabi/lib/armv7e-m/fpu\libnosys.a(lseek.o)
                0x00014c08                _lseek
 .text._exit    0x00014c18        0x4 c:/freescale/kds_v3/toolchain/bin/../lib/gcc/arm-none-eabi/4.8.4/../../../../arm-none-eabi/lib/armv7e-m/fpu\libnosys.a(_exit.o)
                0x00014c18                _exit
 *(.rodata)
 .rodata        0x00014c1c      0x114 ./source/lwip_tcpecho_freertos.o
 .rodata        0x00014d30       0xf4 ./lwip_tcpecho/tcpecho.o
 .rodata        0x00014e24       0x34 ./lwip/src/netif/ethernet.o
 .rodata        0x00014e58      0x498 ./lwip/src/core/ipv4/dhcp.o
 .rodata        0x000152f0      0x208 ./lwip/src/core/ipv4/etharp.o
 .rodata        0x000154f8       0x98 ./lwip/src/core/ipv4/icmp.o
 .rodata        0x00015590       0x3c ./lwip/src/core/ipv4/ip4.o
 .rodata        0x000155cc      0x1bc ./lwip/src/core/ipv4/ip4_frag.o
 .rodata        0x00015788      0x1c0 ./lwip/src/core/mem.o
 .rodata        0x00015948      0x12c ./lwip/src/core/memp.o
 .rodata        0x00015a74       0x18 ./lwip/src/core/netif.o
 .rodata        0x00015a8c      0x4a0 ./lwip/src/core/pbuf.o
 .rodata        0x00015f2c      0x454 ./lwip/src/core/tcp.o
 .rodata        0x00016380      0x2c8 ./lwip/src/core/tcp_in.o
 .rodata        0x00016648      0x3e0 ./lwip/src/core/tcp_out.o
 .rodata        0x00016a28       0x40 ./lwip/src/core/timeouts.o
 .rodata        0x00016a68       0x44 ./lwip/src/core/udp.o
 .rodata        0x00016aac      0x288 ./lwip/src/api/api_lib.o
 .rodata        0x00016d34      0x49c ./lwip/src/api/api_msg.o
 .rodata        0x000171d0      0x14c ./lwip/src/api/err.o
 .rodata        0x0001731c       0x88 ./lwip/src/api/tcpip.o
 .rodata        0x000173a4       0x2c ./lwip/port/ethernetif.o
 .rodata        0x000173d0        0x4 ./lwip/port/sys_arch.o
 .rodata        0x000173d4       0x28 ./freertos/tasks.o
                0x000173ec                FreeRTOSDebugConfig
 .rodata        0x000173fc       0x10 ./freertos/timers.o
 .rodata        0x0001740c      0x110 ./drivers/fsl_clock.o
 .rodata        0x0001751c       0x40 ./drivers/fsl_common.o
 .rodata        0x0001755c      0x328 ./drivers/fsl_enet.o
 .rodata        0x00017884       0xe4 ./drivers/fsl_lpuart.o
 .rodata        0x00017968      0x158 ./drivers/fsl_uart.o
 .rodata        0x00017ac0       0x78 ./board/fsl_phy.o
 .rodata        0x00017b38       0x44 ./board/pin_mux.o
 *(.rodata*)
 .rodata.__FUNCTION__.7579
                0x00017b7c       0x10 ./lwip_tcpecho/tcpecho.o
 .rodata.ethbroadcast
                0x00017b8c        0x8 ./lwip/src/netif/ethernet.o
                0x00017b8c                ethbroadcast
 .rodata.ethzero
                0x00017b94        0x8 ./lwip/src/netif/ethernet.o
                0x00017b94                ethzero
 .rodata.ip_addr_any
                0x00017b9c        0x4 ./lwip/src/core/ipv4/ip4_addr.o
                0x00017b9c                ip_addr_any
 .rodata.ip_addr_broadcast
                0x00017ba0        0x4 ./lwip/src/core/ipv4/ip4_addr.o
                0x00017ba0                ip_addr_broadcast
 .rodata.memp_UDP_PCB
                0x00017ba4       0x10 ./lwip/src/core/memp.o
                0x00017ba4                memp_UDP_PCB
 .rodata.memp_TCP_PCB
                0x00017bb4       0x10 ./lwip/src/core/memp.o
                0x00017bb4                memp_TCP_PCB
 .rodata.memp_TCP_PCB_LISTEN
                0x00017bc4       0x10 ./lwip/src/core/memp.o
                0x00017bc4                memp_TCP_PCB_LISTEN
 .rodata.memp_TCP_SEG
                0x00017bd4       0x10 ./lwip/src/core/memp.o
                0x00017bd4                memp_TCP_SEG
 .rodata.memp_REASSDATA
                0x00017be4       0x10 ./lwip/src/core/memp.o
                0x00017be4                memp_REASSDATA
 .rodata.memp_FRAG_PBUF
                0x00017bf4       0x10 ./lwip/src/core/memp.o
                0x00017bf4                memp_FRAG_PBUF
 .rodata.memp_NETBUF
                0x00017c04       0x10 ./lwip/src/core/memp.o
                0x00017c04                memp_NETBUF
 .rodata.memp_NETCONN
                0x00017c14       0x10 ./lwip/src/core/memp.o
                0x00017c14                memp_NETCONN
 .rodata.memp_TCPIP_MSG_API
                0x00017c24       0x10 ./lwip/src/core/memp.o
                0x00017c24                memp_TCPIP_MSG_API
 .rodata.memp_TCPIP_MSG_INPKT
                0x00017c34       0x10 ./lwip/src/core/memp.o
                0x00017c34                memp_TCPIP_MSG_INPKT
 .rodata.memp_SYS_TIMEOUT
                0x00017c44       0x10 ./lwip/src/core/memp.o
                0x00017c44                memp_SYS_TIMEOUT
 .rodata.memp_PBUF
                0x00017c54       0x10 ./lwip/src/core/memp.o
                0x00017c54                memp_PBUF
 .rodata.memp_PBUF_POOL
                0x00017c64       0x10 ./lwip/src/core/memp.o
                0x00017c64                memp_PBUF_POOL
 .rodata.memp_pools
                0x00017c74       0x34 ./lwip/src/core/memp.o
                0x00017c74                memp_pools
 .rodata.tcp_backoff
                0x00017ca8       0x10 ./lwip/src/core/tcp.o
 .rodata.tcp_persist_backoff
                0x00017cb8        0x8 ./lwip/src/core/tcp.o
 .rodata.tcp_pcb_lists
                0x00017cc0       0x10 ./lwip/src/core/tcp.o
                0x00017cc0                tcp_pcb_lists
 .rodata.lwip_cyclic_timers
                0x00017cd0       0x28 ./lwip/src/core/timeouts.o
                0x00017cd0                lwip_cyclic_timers
 .rodata.__func__.6695
                0x00017cf8       0x18 ./drivers/fsl_clock.o
 .rodata.__func__.6733
                0x00017d10       0x1c ./drivers/fsl_clock.o
 .rodata.__func__.6737
                0x00017d2c       0x1c ./drivers/fsl_clock.o
 .rodata.__func__.6745
                0x00017d48       0x18 ./drivers/fsl_clock.o
 .rodata.fllFactorTable.6866
                0x00017d60       0x10 ./drivers/fsl_clock.o
 .rodata.__func__.6881
                0x00017d70       0x14 ./drivers/fsl_clock.o
 .rodata.__func__.6932
                0x00017d84       0x14 ./drivers/fsl_clock.o
 .rodata.__func__.7084
                0x00017d98       0x14 ./drivers/fsl_clock.o
 .rodata.__func__.7154
                0x00017dac       0x14 ./drivers/fsl_clock.o
 .rodata.s_enetClock
                0x00017dc0        0x4 ./drivers/fsl_enet.o
                0x00017dc0                s_enetClock
 .rodata.__func__.6948
                0x00017dc4       0x14 ./drivers/fsl_enet.o
 .rodata.__func__.6952
                0x00017dd8       0x18 ./drivers/fsl_enet.o
 .rodata.__func__.6961
                0x00017df0        0xc ./drivers/fsl_enet.o
 .rodata.__func__.6971
                0x00017dfc       0x14 ./drivers/fsl_enet.o
 .rodata.__func__.6998
                0x00017e10       0x1c ./drivers/fsl_enet.o
 .rodata.__func__.7011
                0x00017e2c       0x1c ./drivers/fsl_enet.o
 .rodata.__func__.7040
                0x00017e48        0xc ./drivers/fsl_enet.o
 .rodata.__func__.7072
                0x00017e54       0x14 ./drivers/fsl_enet.o
 .rodata.__func__.7083
                0x00017e68       0x10 ./drivers/fsl_enet.o
 .rodata.__func__.7099
                0x00017e78       0x18 ./drivers/fsl_enet.o
 .rodata.__func__.7106
                0x00017e90       0x10 ./drivers/fsl_enet.o
 .rodata.__func__.7146
                0x00017ea0       0x18 ./drivers/fsl_enet.o
 .rodata.__func__.7154
                0x00017eb8       0x18 ./drivers/fsl_enet.o
 .rodata.__func__.7162
                0x00017ed0       0x18 ./drivers/fsl_enet.o
 .rodata.__func__.6883
                0x00017ee8       0x14 ./drivers/fsl_lpuart.o
 .rodata.__func__.6921
                0x00017efc        0xc ./drivers/fsl_lpuart.o
 .rodata.__func__.6945
                0x00017f08       0x18 ./drivers/fsl_lpuart.o
 .rodata.__func__.6991
                0x00017f20       0x18 ./drivers/fsl_lpuart.o
 .rodata.__func__.7003
                0x00017f38       0x14 ./drivers/fsl_lpuart.o
 .rodata.s_uartBases
                0x00017f4c       0x14 ./drivers/fsl_uart.o
 .rodata.s_uartClock
                0x00017f60       0x14 ./drivers/fsl_uart.o
 .rodata.__func__.6888
                0x00017f74       0x14 ./drivers/fsl_uart.o
 .rodata.__func__.6904
                0x00017f88        0xc ./drivers/fsl_uart.o
 .rodata.__func__.6922
                0x00017f94       0x18 ./drivers/fsl_uart.o
 .rodata.__func__.6982
                0x00017fac       0x14 ./drivers/fsl_uart.o
 .rodata.mcgConfig_BOARD_BootClockRUN
                0x00017fc0        0xc ./board/clock_config.o
                0x00017fc0                mcgConfig_BOARD_BootClockRUN
 .rodata.simConfig_BOARD_BootClockRUN
                0x00017fcc        0x8 ./board/clock_config.o
                0x00017fcc                simConfig_BOARD_BootClockRUN
 .rodata.oscConfig_BOARD_BootClockRUN
                0x00017fd4        0x8 ./board/clock_config.o
                0x00017fd4                oscConfig_BOARD_BootClockRUN
 .rodata.__func__.6979
                0x00017fdc        0xc ./board/fsl_phy.o
 .rodata.__func__.6997
                0x00017fe8       0x14 ./board/fsl_phy.o
 .rodata.__func__.7006
                0x00017ffc       0x18 ./board/fsl_phy.o
 .rodata.__func__.6732
                0x00018014       0x14 ./board/pin_mux.o
 .rodata.str1.1
                0x00018028        0x2 c:/freescale/kds_v3/toolchain/bin/../lib/gcc/arm-none-eabi/4.8.4/../../../../arm-none-eabi/lib/armv7e-m/fpu\libg_s.a(lib_a-impure.o)
 *fill*         0x0001802a        0x2 
 .rodata._global_impure_ptr
                0x0001802c        0x4 c:/freescale/kds_v3/toolchain/bin/../lib/gcc/arm-none-eabi/4.8.4/../../../../arm-none-eabi/lib/armv7e-m/fpu\libg_s.a(lib_a-impure.o)
                0x0001802c                _global_impure_ptr
 .rodata.str1.1
                0x00018030       0x11 c:/freescale/kds_v3/toolchain/bin/../lib/gcc/arm-none-eabi/4.8.4/../../../../arm-none-eabi/lib/armv7e-m/fpu\libg_s.a(lib_a-vfprintf.o)
 .rodata.str1.1
                0x00018041       0x22 c:/freescale/kds_v3/toolchain/bin/../lib/gcc/arm-none-eabi/4.8.4/../../../../arm-none-eabi/lib/armv7e-m/fpu\libg_s.a(lib_a-vfprintf_i.o)
 *fill*         0x00018063        0x1 
 .rodata.__sf_fake_stdin
                0x00018064       0x20 c:/freescale/kds_v3/toolchain/bin/../lib/gcc/arm-none-eabi/4.8.4/../../../../arm-none-eabi/lib/armv7e-m/fpu\libg_s.a(lib_a-findfp.o)
                0x00018064                __sf_fake_stdin
 .rodata.__sf_fake_stdout
                0x00018084       0x20 c:/freescale/kds_v3/toolchain/bin/../lib/gcc/arm-none-eabi/4.8.4/../../../../arm-none-eabi/lib/armv7e-m/fpu\libg_s.a(lib_a-findfp.o)
                0x00018084                __sf_fake_stdout
 .rodata.__sf_fake_stderr
                0x000180a4       0x20 c:/freescale/kds_v3/toolchain/bin/../lib/gcc/arm-none-eabi/4.8.4/../../../../arm-none-eabi/lib/armv7e-m/fpu\libg_s.a(lib_a-findfp.o)
                0x000180a4                __sf_fake_stderr
 *(.glue_7)
 .glue_7        0x00000000        0x0 linker stubs
 *(.glue_7t)
 .glue_7t       0x00000000        0x0 linker stubs
 *(.eh_frame)
 .eh_frame      0x000180c4        0x0 c:/freescale/kds_v3/toolchain/bin/../lib/gcc/arm-none-eabi/4.8.4/armv7e-m/fpu/crtbegin.o
 *(.init)
 .init          0x000180c4        0x4 c:/freescale/kds_v3/toolchain/bin/../lib/gcc/arm-none-eabi/4.8.4/armv7e-m/fpu/crti.o
                0x000180c4                _init